

================================================================
== Vivado HLS Report for 'find'
================================================================
* Date:           Thu Mar 27 12:27:08 2025

* Version:        2019.2 (Build 2704478 on Wed Nov 06 22:10:23 MST 2019)
* Project:        live_find
* Solution:       solution1
* Product family: zynq
* Target device:  xc7z020-clg484-1


================================================================
== Performance Estimates
================================================================
+ Timing: 
    * Summary: 
    +--------+----------+----------+------------+
    |  Clock |  Target  | Estimated| Uncertainty|
    +--------+----------+----------+------------+
    |ap_clk  | 10.00 ns | 2.473 ns |   1.25 ns  |
    +--------+----------+----------+------------+

+ Latency: 
    * Summary: 
    +---------+---------+----------+----------+-----+-----+---------+
    |  Latency (cycles) |  Latency (absolute) |  Interval | Pipeline|
    |   min   |   max   |    min   |    max   | min | max |   Type  |
    +---------+---------+----------+----------+-----+-----+---------+
    |       65|       65| 0.650 us | 0.650 us |   65|   65|   none  |
    +---------+---------+----------+----------+-----+-----+---------+

    + Detail: 
        * Instance: 
        N/A

        * Loop: 
        +----------+---------+---------+----------+-----------+-----------+------+----------+
        |          |  Latency (cycles) | Iteration|  Initiation Interval  | Trip |          |
        | Loop Name|   min   |   max   |  Latency |  achieved |   target  | Count| Pipelined|
        +----------+---------+---------+----------+-----------+-----------+------+----------+
        |- Loop 1  |       64|       64|         2|          -|          -|    32|    no    |
        +----------+---------+---------+----------+-----------+-----------+------+----------+



================================================================
== Utilization Estimates
================================================================
* Summary: 
+-----------------+---------+-------+--------+-------+-----+
|       Name      | BRAM_18K| DSP48E|   FF   |  LUT  | URAM|
+-----------------+---------+-------+--------+-------+-----+
|DSP              |        -|      -|       -|      -|    -|
|Expression       |        -|      -|       0|     59|    -|
|FIFO             |        -|      -|       -|      -|    -|
|Instance         |        -|      -|       -|      -|    -|
|Memory           |        -|      -|       -|      -|    -|
|Multiplexer      |        -|      -|       -|     57|    -|
|Register         |        -|      -|      47|      -|    -|
+-----------------+---------+-------+--------+-------+-----+
|Total            |        0|      0|      47|    116|    0|
+-----------------+---------+-------+--------+-------+-----+
|Available        |      280|    220|  106400|  53200|    0|
+-----------------+---------+-------+--------+-------+-----+
|Utilization (%)  |        0|      0|   ~0   |   ~0  |    0|
+-----------------+---------+-------+--------+-------+-----+

+ Detail: 
    * Instance: 
    N/A

    * DSP48E: 
    N/A

    * Memory: 
    N/A

    * FIFO: 
    N/A

    * Expression: 
    +----------------------+----------+-------+---+----+------------+------------+
    |     Variable Name    | Operation| DSP48E| FF| LUT| Bitwidth P0| Bitwidth P1|
    +----------------------+----------+-------+---+----+------------+------------+
    |i_fu_93_p2            |     +    |      0|  0|  15|           6|           1|
    |ap_block_state2_io    |    and   |      0|  0|   2|           1|           1|
    |icmp_ln16_fu_87_p2    |   icmp   |      0|  0|  11|           6|           7|
    |icmp_ln879_fu_103_p2  |   icmp   |      0|  0|  18|          32|          32|
    |out_vec_TLAST_int     |   icmp   |      0|  0|  11|           6|           5|
    |ap_block_state2       |    or    |      0|  0|   2|           1|           1|
    +----------------------+----------+-------+---+----+------------+------------+
    |Total                 |          |      0|  0|  59|          52|          47|
    +----------------------+----------+-------+---+----+------------+------------+

    * Multiplexer: 
    +---------------------+----+-----------+-----+-----------+
    |         Name        | LUT| Input Size| Bits| Total Bits|
    +---------------------+----+-----------+-----+-----------+
    |ap_NS_fsm            |  21|          4|    1|          4|
    |i_0_reg_72           |   9|          2|    6|         12|
    |in_vec_TDATA_blk_n   |   9|          2|    1|          2|
    |out_vec_TDATA_blk_n  |   9|          2|    1|          2|
    |val_r_TDATA_blk_n    |   9|          2|    1|          2|
    +---------------------+----+-----------+-----+-----------+
    |Total                |  57|         12|   10|         22|
    +---------------------+----+-----------+-----+-----------+

    * Register: 
    +------------------+----+----+-----+-----------+
    |       Name       | FF | LUT| Bits| Const Bits|
    +------------------+----+----+-----+-----------+
    |ap_CS_fsm         |   3|   0|    3|          0|
    |i_0_reg_72        |   6|   0|    6|          0|
    |i_reg_128         |   6|   0|    6|          0|
    |sext_ln9_reg_120  |  32|   0|   32|          0|
    +------------------+----+----+-----+-----------+
    |Total             |  47|   0|   47|          0|
    +------------------+----+----+-----+-----------+



================================================================
== Interface
================================================================
* Summary: 
+----------------+-----+-----+--------------+------------------+--------------+
|    RTL Ports   | Dir | Bits|   Protocol   |   Source Object  |    C Type    |
+----------------+-----+-----+--------------+------------------+--------------+
|ap_clk          |  in |    1| ap_ctrl_none |       find       | return value |
|ap_rst_n        |  in |    1| ap_ctrl_none |       find       | return value |
|val_r_TDATA     |  in |    8|     axis     |       val_r      |    scalar    |
|val_r_TVALID    |  in |    1|     axis     |       val_r      |    scalar    |
|val_r_TREADY    | out |    1|     axis     |       val_r      |    scalar    |
|in_vec_TDATA    |  in |   32|     axis     |  in_vec_V_data_V |    pointer   |
|in_vec_TVALID   |  in |    1|     axis     |  in_vec_V_last_V |    pointer   |
|in_vec_TREADY   | out |    1|     axis     |  in_vec_V_last_V |    pointer   |
|in_vec_TLAST    |  in |    1|     axis     |  in_vec_V_last_V |    pointer   |
|out_vec_TDATA   | out |   32|     axis     | out_vec_V_data_V |    pointer   |
|out_vec_TVALID  | out |    1|     axis     | out_vec_V_last_V |    pointer   |
|out_vec_TREADY  |  in |    1|     axis     | out_vec_V_last_V |    pointer   |
|out_vec_TLAST   | out |    1|     axis     | out_vec_V_last_V |    pointer   |
+----------------+-----+-----+--------------+------------------+--------------+

