

================================================================
== Vitis HLS Report for 'matrixmul_32_opt_Pipeline_loop263'
================================================================
* Date:           Mon Jun  2 11:53:43 2025

* Version:        2024.2 (Build 5238294 on Nov  8 2024)
* Project:        matrix_8_opt
* Solution:       hls (Vivado IP Flow Target)
* Product family: zynquplusRFSOC
* Target device:  xczu28dr-ffvg1517-2-e


================================================================
== Performance Estimates
================================================================
+ Timing: 
    * Summary: 
    +--------+----------+----------+------------+
    |  Clock |  Target  | Estimated| Uncertainty|
    +--------+----------+----------+------------+
    |ap_clk  |  10.00 ns|  7.016 ns|     2.70 ns|
    +--------+----------+----------+------------+

+ Latency: 
    * Summary: 
    +---------+---------+----------+----------+-----+-----+------------------------------------------------+
    |  Latency (cycles) |  Latency (absolute) |  Interval |                    Pipeline                    |
    |   min   |   max   |    min   |    max   | min | max |                      Type                      |
    +---------+---------+----------+----------+-----+-----+------------------------------------------------+
    |      166|      166|  1.660 us|  1.660 us|   33|   33|  loop auto-rewind stp (delay=0 clock cycles(s))|
    +---------+---------+----------+----------+-----+-----+------------------------------------------------+

    + Detail: 
        * Instance: 
        N/A

        * Loop: 
        +----------+---------+---------+----------+-----------+-----------+------+----------+
        |          |  Latency (cycles) | Iteration|  Initiation Interval  | Trip |          |
        | Loop Name|   min   |   max   |  Latency |  achieved |   target  | Count| Pipelined|
        +----------+---------+---------+----------+-----------+-----------+------+----------+
        |- loop2   |      164|      164|       134|          1|          1|    32|       yes|
        +----------+---------+---------+----------+-----------+-----------+------+----------+



================================================================
== Utilization Estimates
================================================================
* Summary: 
+-----------------+---------+------+--------+--------+-----+
|       Name      | BRAM_18K|  DSP |   FF   |   LUT  | URAM|
+-----------------+---------+------+--------+--------+-----+
|DSP              |        -|     -|       -|       -|    -|
|Expression       |        -|     -|       0|      29|    -|
|FIFO             |        -|     -|       -|       -|    -|
|Instance         |        -|     -|       -|       -|    -|
|Memory           |        -|     -|       -|       -|    -|
|Multiplexer      |        -|     -|       0|      36|    -|
|Register         |        -|     -|    3415|      32|    -|
+-----------------+---------+------+--------+--------+-----+
|Total            |        0|     0|    3415|      97|    0|
+-----------------+---------+------+--------+--------+-----+
|Available        |     2160|  4272|  850560|  425280|   80|
+-----------------+---------+------+--------+--------+-----+
|Utilization (%)  |        0|     0|      ~0|      ~0|    0|
+-----------------+---------+------+--------+--------+-----+

+ Detail: 
    * Instance: 
    N/A

    * DSP: 
    N/A

    * Memory: 
    N/A

    * FIFO: 
    N/A

    * Expression: 
    +----------------------+----------+----+---+----+------------+------------+
    |     Variable Name    | Operation| DSP| FF| LUT| Bitwidth P0| Bitwidth P1|
    +----------------------+----------+----+---+----+------------+------------+
    |add_ln39_fu_1056_p2   |         +|   0|  0|  13|           6|           1|
    |icmp_ln39_fu_1050_p2  |      icmp|   0|  0|  14|           6|           7|
    |ap_enable_pp0         |       xor|   0|  0|   2|           1|           2|
    +----------------------+----------+----+---+----+------------+------------+
    |Total                 |          |   0|  0|  29|          13|          10|
    +----------------------+----------+----+---+----+------------+------------+

    * Multiplexer: 
    +-------------------------+----+-----------+-----+-----------+
    |           Name          | LUT| Input Size| Bits| Total Bits|
    +-------------------------+----+-----------+-----+-----------+
    |ap_done_int              |   9|          2|    1|          2|
    |ap_enable_reg_pp0_iter1  |   9|          2|    1|          2|
    |ap_sig_allocacmp_col     |   9|          2|    6|         12|
    |col_65_fu_160            |   9|          2|    6|         12|
    +-------------------------+----+-----------+-----+-----------+
    |Total                    |  36|          8|   14|         28|
    +-------------------------+----+-----------+-----+-----------+

    * Register: 
    +------------------------------------+----+----+-----+-----------+
    |                Name                | FF | LUT| Bits| Const Bits|
    +------------------------------------+----+----+-----+-----------+
    |ap_CS_fsm                           |   1|   0|    1|          0|
    |ap_done_reg                         |   1|   0|    1|          0|
    |ap_enable_reg_pp0_iter1             |   1|   0|    1|          0|
    |ap_enable_reg_pp0_iter10            |   1|   0|    1|          0|
    |ap_enable_reg_pp0_iter100           |   1|   0|    1|          0|
    |ap_enable_reg_pp0_iter101           |   1|   0|    1|          0|
    |ap_enable_reg_pp0_iter102           |   1|   0|    1|          0|
    |ap_enable_reg_pp0_iter103           |   1|   0|    1|          0|
    |ap_enable_reg_pp0_iter104           |   1|   0|    1|          0|
    |ap_enable_reg_pp0_iter105           |   1|   0|    1|          0|
    |ap_enable_reg_pp0_iter106           |   1|   0|    1|          0|
    |ap_enable_reg_pp0_iter107           |   1|   0|    1|          0|
    |ap_enable_reg_pp0_iter108           |   1|   0|    1|          0|
    |ap_enable_reg_pp0_iter109           |   1|   0|    1|          0|
    |ap_enable_reg_pp0_iter11            |   1|   0|    1|          0|
    |ap_enable_reg_pp0_iter110           |   1|   0|    1|          0|
    |ap_enable_reg_pp0_iter111           |   1|   0|    1|          0|
    |ap_enable_reg_pp0_iter112           |   1|   0|    1|          0|
    |ap_enable_reg_pp0_iter113           |   1|   0|    1|          0|
    |ap_enable_reg_pp0_iter114           |   1|   0|    1|          0|
    |ap_enable_reg_pp0_iter115           |   1|   0|    1|          0|
    |ap_enable_reg_pp0_iter116           |   1|   0|    1|          0|
    |ap_enable_reg_pp0_iter117           |   1|   0|    1|          0|
    |ap_enable_reg_pp0_iter118           |   1|   0|    1|          0|
    |ap_enable_reg_pp0_iter119           |   1|   0|    1|          0|
    |ap_enable_reg_pp0_iter12            |   1|   0|    1|          0|
    |ap_enable_reg_pp0_iter120           |   1|   0|    1|          0|
    |ap_enable_reg_pp0_iter121           |   1|   0|    1|          0|
    |ap_enable_reg_pp0_iter122           |   1|   0|    1|          0|
    |ap_enable_reg_pp0_iter123           |   1|   0|    1|          0|
    |ap_enable_reg_pp0_iter124           |   1|   0|    1|          0|
    |ap_enable_reg_pp0_iter125           |   1|   0|    1|          0|
    |ap_enable_reg_pp0_iter126           |   1|   0|    1|          0|
    |ap_enable_reg_pp0_iter127           |   1|   0|    1|          0|
    |ap_enable_reg_pp0_iter128           |   1|   0|    1|          0|
    |ap_enable_reg_pp0_iter129           |   1|   0|    1|          0|
    |ap_enable_reg_pp0_iter13            |   1|   0|    1|          0|
    |ap_enable_reg_pp0_iter130           |   1|   0|    1|          0|
    |ap_enable_reg_pp0_iter131           |   1|   0|    1|          0|
    |ap_enable_reg_pp0_iter132           |   1|   0|    1|          0|
    |ap_enable_reg_pp0_iter133           |   1|   0|    1|          0|
    |ap_enable_reg_pp0_iter14            |   1|   0|    1|          0|
    |ap_enable_reg_pp0_iter15            |   1|   0|    1|          0|
    |ap_enable_reg_pp0_iter16            |   1|   0|    1|          0|
    |ap_enable_reg_pp0_iter17            |   1|   0|    1|          0|
    |ap_enable_reg_pp0_iter18            |   1|   0|    1|          0|
    |ap_enable_reg_pp0_iter19            |   1|   0|    1|          0|
    |ap_enable_reg_pp0_iter2             |   1|   0|    1|          0|
    |ap_enable_reg_pp0_iter20            |   1|   0|    1|          0|
    |ap_enable_reg_pp0_iter21            |   1|   0|    1|          0|
    |ap_enable_reg_pp0_iter22            |   1|   0|    1|          0|
    |ap_enable_reg_pp0_iter23            |   1|   0|    1|          0|
    |ap_enable_reg_pp0_iter24            |   1|   0|    1|          0|
    |ap_enable_reg_pp0_iter25            |   1|   0|    1|          0|
    |ap_enable_reg_pp0_iter26            |   1|   0|    1|          0|
    |ap_enable_reg_pp0_iter27            |   1|   0|    1|          0|
    |ap_enable_reg_pp0_iter28            |   1|   0|    1|          0|
    |ap_enable_reg_pp0_iter29            |   1|   0|    1|          0|
    |ap_enable_reg_pp0_iter3             |   1|   0|    1|          0|
    |ap_enable_reg_pp0_iter30            |   1|   0|    1|          0|
    |ap_enable_reg_pp0_iter31            |   1|   0|    1|          0|
    |ap_enable_reg_pp0_iter32            |   1|   0|    1|          0|
    |ap_enable_reg_pp0_iter33            |   1|   0|    1|          0|
    |ap_enable_reg_pp0_iter34            |   1|   0|    1|          0|
    |ap_enable_reg_pp0_iter35            |   1|   0|    1|          0|
    |ap_enable_reg_pp0_iter36            |   1|   0|    1|          0|
    |ap_enable_reg_pp0_iter37            |   1|   0|    1|          0|
    |ap_enable_reg_pp0_iter38            |   1|   0|    1|          0|
    |ap_enable_reg_pp0_iter39            |   1|   0|    1|          0|
    |ap_enable_reg_pp0_iter4             |   1|   0|    1|          0|
    |ap_enable_reg_pp0_iter40            |   1|   0|    1|          0|
    |ap_enable_reg_pp0_iter41            |   1|   0|    1|          0|
    |ap_enable_reg_pp0_iter42            |   1|   0|    1|          0|
    |ap_enable_reg_pp0_iter43            |   1|   0|    1|          0|
    |ap_enable_reg_pp0_iter44            |   1|   0|    1|          0|
    |ap_enable_reg_pp0_iter45            |   1|   0|    1|          0|
    |ap_enable_reg_pp0_iter46            |   1|   0|    1|          0|
    |ap_enable_reg_pp0_iter47            |   1|   0|    1|          0|
    |ap_enable_reg_pp0_iter48            |   1|   0|    1|          0|
    |ap_enable_reg_pp0_iter49            |   1|   0|    1|          0|
    |ap_enable_reg_pp0_iter5             |   1|   0|    1|          0|
    |ap_enable_reg_pp0_iter50            |   1|   0|    1|          0|
    |ap_enable_reg_pp0_iter51            |   1|   0|    1|          0|
    |ap_enable_reg_pp0_iter52            |   1|   0|    1|          0|
    |ap_enable_reg_pp0_iter53            |   1|   0|    1|          0|
    |ap_enable_reg_pp0_iter54            |   1|   0|    1|          0|
    |ap_enable_reg_pp0_iter55            |   1|   0|    1|          0|
    |ap_enable_reg_pp0_iter56            |   1|   0|    1|          0|
    |ap_enable_reg_pp0_iter57            |   1|   0|    1|          0|
    |ap_enable_reg_pp0_iter58            |   1|   0|    1|          0|
    |ap_enable_reg_pp0_iter59            |   1|   0|    1|          0|
    |ap_enable_reg_pp0_iter6             |   1|   0|    1|          0|
    |ap_enable_reg_pp0_iter60            |   1|   0|    1|          0|
    |ap_enable_reg_pp0_iter61            |   1|   0|    1|          0|
    |ap_enable_reg_pp0_iter62            |   1|   0|    1|          0|
    |ap_enable_reg_pp0_iter63            |   1|   0|    1|          0|
    |ap_enable_reg_pp0_iter64            |   1|   0|    1|          0|
    |ap_enable_reg_pp0_iter65            |   1|   0|    1|          0|
    |ap_enable_reg_pp0_iter66            |   1|   0|    1|          0|
    |ap_enable_reg_pp0_iter67            |   1|   0|    1|          0|
    |ap_enable_reg_pp0_iter68            |   1|   0|    1|          0|
    |ap_enable_reg_pp0_iter69            |   1|   0|    1|          0|
    |ap_enable_reg_pp0_iter7             |   1|   0|    1|          0|
    |ap_enable_reg_pp0_iter70            |   1|   0|    1|          0|
    |ap_enable_reg_pp0_iter71            |   1|   0|    1|          0|
    |ap_enable_reg_pp0_iter72            |   1|   0|    1|          0|
    |ap_enable_reg_pp0_iter73            |   1|   0|    1|          0|
    |ap_enable_reg_pp0_iter74            |   1|   0|    1|          0|
    |ap_enable_reg_pp0_iter75            |   1|   0|    1|          0|
    |ap_enable_reg_pp0_iter76            |   1|   0|    1|          0|
    |ap_enable_reg_pp0_iter77            |   1|   0|    1|          0|
    |ap_enable_reg_pp0_iter78            |   1|   0|    1|          0|
    |ap_enable_reg_pp0_iter79            |   1|   0|    1|          0|
    |ap_enable_reg_pp0_iter8             |   1|   0|    1|          0|
    |ap_enable_reg_pp0_iter80            |   1|   0|    1|          0|
    |ap_enable_reg_pp0_iter81            |   1|   0|    1|          0|
    |ap_enable_reg_pp0_iter82            |   1|   0|    1|          0|
    |ap_enable_reg_pp0_iter83            |   1|   0|    1|          0|
    |ap_enable_reg_pp0_iter84            |   1|   0|    1|          0|
    |ap_enable_reg_pp0_iter85            |   1|   0|    1|          0|
    |ap_enable_reg_pp0_iter86            |   1|   0|    1|          0|
    |ap_enable_reg_pp0_iter87            |   1|   0|    1|          0|
    |ap_enable_reg_pp0_iter88            |   1|   0|    1|          0|
    |ap_enable_reg_pp0_iter89            |   1|   0|    1|          0|
    |ap_enable_reg_pp0_iter9             |   1|   0|    1|          0|
    |ap_enable_reg_pp0_iter90            |   1|   0|    1|          0|
    |ap_enable_reg_pp0_iter91            |   1|   0|    1|          0|
    |ap_enable_reg_pp0_iter92            |   1|   0|    1|          0|
    |ap_enable_reg_pp0_iter93            |   1|   0|    1|          0|
    |ap_enable_reg_pp0_iter94            |   1|   0|    1|          0|
    |ap_enable_reg_pp0_iter95            |   1|   0|    1|          0|
    |ap_enable_reg_pp0_iter96            |   1|   0|    1|          0|
    |ap_enable_reg_pp0_iter97            |   1|   0|    1|          0|
    |ap_enable_reg_pp0_iter98            |   1|   0|    1|          0|
    |ap_enable_reg_pp0_iter99            |   1|   0|    1|          0|
    |ap_loop_exit_ready_pp0_iter100_reg  |   1|   0|    1|          0|
    |ap_loop_exit_ready_pp0_iter101_reg  |   1|   0|    1|          0|
    |ap_loop_exit_ready_pp0_iter102_reg  |   1|   0|    1|          0|
    |ap_loop_exit_ready_pp0_iter103_reg  |   1|   0|    1|          0|
    |ap_loop_exit_ready_pp0_iter104_reg  |   1|   0|    1|          0|
    |ap_loop_exit_ready_pp0_iter105_reg  |   1|   0|    1|          0|
    |ap_loop_exit_ready_pp0_iter106_reg  |   1|   0|    1|          0|
    |ap_loop_exit_ready_pp0_iter107_reg  |   1|   0|    1|          0|
    |ap_loop_exit_ready_pp0_iter108_reg  |   1|   0|    1|          0|
    |ap_loop_exit_ready_pp0_iter109_reg  |   1|   0|    1|          0|
    |ap_loop_exit_ready_pp0_iter10_reg   |   1|   0|    1|          0|
    |ap_loop_exit_ready_pp0_iter110_reg  |   1|   0|    1|          0|
    |ap_loop_exit_ready_pp0_iter111_reg  |   1|   0|    1|          0|
    |ap_loop_exit_ready_pp0_iter112_reg  |   1|   0|    1|          0|
    |ap_loop_exit_ready_pp0_iter113_reg  |   1|   0|    1|          0|
    |ap_loop_exit_ready_pp0_iter114_reg  |   1|   0|    1|          0|
    |ap_loop_exit_ready_pp0_iter115_reg  |   1|   0|    1|          0|
    |ap_loop_exit_ready_pp0_iter116_reg  |   1|   0|    1|          0|
    |ap_loop_exit_ready_pp0_iter117_reg  |   1|   0|    1|          0|
    |ap_loop_exit_ready_pp0_iter118_reg  |   1|   0|    1|          0|
    |ap_loop_exit_ready_pp0_iter119_reg  |   1|   0|    1|          0|
    |ap_loop_exit_ready_pp0_iter11_reg   |   1|   0|    1|          0|
    |ap_loop_exit_ready_pp0_iter120_reg  |   1|   0|    1|          0|
    |ap_loop_exit_ready_pp0_iter121_reg  |   1|   0|    1|          0|
    |ap_loop_exit_ready_pp0_iter122_reg  |   1|   0|    1|          0|
    |ap_loop_exit_ready_pp0_iter123_reg  |   1|   0|    1|          0|
    |ap_loop_exit_ready_pp0_iter124_reg  |   1|   0|    1|          0|
    |ap_loop_exit_ready_pp0_iter125_reg  |   1|   0|    1|          0|
    |ap_loop_exit_ready_pp0_iter126_reg  |   1|   0|    1|          0|
    |ap_loop_exit_ready_pp0_iter127_reg  |   1|   0|    1|          0|
    |ap_loop_exit_ready_pp0_iter128_reg  |   1|   0|    1|          0|
    |ap_loop_exit_ready_pp0_iter129_reg  |   1|   0|    1|          0|
    |ap_loop_exit_ready_pp0_iter12_reg   |   1|   0|    1|          0|
    |ap_loop_exit_ready_pp0_iter130_reg  |   1|   0|    1|          0|
    |ap_loop_exit_ready_pp0_iter131_reg  |   1|   0|    1|          0|
    |ap_loop_exit_ready_pp0_iter132_reg  |   1|   0|    1|          0|
    |ap_loop_exit_ready_pp0_iter13_reg   |   1|   0|    1|          0|
    |ap_loop_exit_ready_pp0_iter14_reg   |   1|   0|    1|          0|
    |ap_loop_exit_ready_pp0_iter15_reg   |   1|   0|    1|          0|
    |ap_loop_exit_ready_pp0_iter16_reg   |   1|   0|    1|          0|
    |ap_loop_exit_ready_pp0_iter17_reg   |   1|   0|    1|          0|
    |ap_loop_exit_ready_pp0_iter18_reg   |   1|   0|    1|          0|
    |ap_loop_exit_ready_pp0_iter19_reg   |   1|   0|    1|          0|
    |ap_loop_exit_ready_pp0_iter1_reg    |   1|   0|    1|          0|
    |ap_loop_exit_ready_pp0_iter20_reg   |   1|   0|    1|          0|
    |ap_loop_exit_ready_pp0_iter21_reg   |   1|   0|    1|          0|
    |ap_loop_exit_ready_pp0_iter22_reg   |   1|   0|    1|          0|
    |ap_loop_exit_ready_pp0_iter23_reg   |   1|   0|    1|          0|
    |ap_loop_exit_ready_pp0_iter24_reg   |   1|   0|    1|          0|
    |ap_loop_exit_ready_pp0_iter25_reg   |   1|   0|    1|          0|
    |ap_loop_exit_ready_pp0_iter26_reg   |   1|   0|    1|          0|
    |ap_loop_exit_ready_pp0_iter27_reg   |   1|   0|    1|          0|
    |ap_loop_exit_ready_pp0_iter28_reg   |   1|   0|    1|          0|
    |ap_loop_exit_ready_pp0_iter29_reg   |   1|   0|    1|          0|
    |ap_loop_exit_ready_pp0_iter2_reg    |   1|   0|    1|          0|
    |ap_loop_exit_ready_pp0_iter30_reg   |   1|   0|    1|          0|
    |ap_loop_exit_ready_pp0_iter31_reg   |   1|   0|    1|          0|
    |ap_loop_exit_ready_pp0_iter32_reg   |   1|   0|    1|          0|
    |ap_loop_exit_ready_pp0_iter33_reg   |   1|   0|    1|          0|
    |ap_loop_exit_ready_pp0_iter34_reg   |   1|   0|    1|          0|
    |ap_loop_exit_ready_pp0_iter35_reg   |   1|   0|    1|          0|
    |ap_loop_exit_ready_pp0_iter36_reg   |   1|   0|    1|          0|
    |ap_loop_exit_ready_pp0_iter37_reg   |   1|   0|    1|          0|
    |ap_loop_exit_ready_pp0_iter38_reg   |   1|   0|    1|          0|
    |ap_loop_exit_ready_pp0_iter39_reg   |   1|   0|    1|          0|
    |ap_loop_exit_ready_pp0_iter3_reg    |   1|   0|    1|          0|
    |ap_loop_exit_ready_pp0_iter40_reg   |   1|   0|    1|          0|
    |ap_loop_exit_ready_pp0_iter41_reg   |   1|   0|    1|          0|
    |ap_loop_exit_ready_pp0_iter42_reg   |   1|   0|    1|          0|
    |ap_loop_exit_ready_pp0_iter43_reg   |   1|   0|    1|          0|
    |ap_loop_exit_ready_pp0_iter44_reg   |   1|   0|    1|          0|
    |ap_loop_exit_ready_pp0_iter45_reg   |   1|   0|    1|          0|
    |ap_loop_exit_ready_pp0_iter46_reg   |   1|   0|    1|          0|
    |ap_loop_exit_ready_pp0_iter47_reg   |   1|   0|    1|          0|
    |ap_loop_exit_ready_pp0_iter48_reg   |   1|   0|    1|          0|
    |ap_loop_exit_ready_pp0_iter49_reg   |   1|   0|    1|          0|
    |ap_loop_exit_ready_pp0_iter4_reg    |   1|   0|    1|          0|
    |ap_loop_exit_ready_pp0_iter50_reg   |   1|   0|    1|          0|
    |ap_loop_exit_ready_pp0_iter51_reg   |   1|   0|    1|          0|
    |ap_loop_exit_ready_pp0_iter52_reg   |   1|   0|    1|          0|
    |ap_loop_exit_ready_pp0_iter53_reg   |   1|   0|    1|          0|
    |ap_loop_exit_ready_pp0_iter54_reg   |   1|   0|    1|          0|
    |ap_loop_exit_ready_pp0_iter55_reg   |   1|   0|    1|          0|
    |ap_loop_exit_ready_pp0_iter56_reg   |   1|   0|    1|          0|
    |ap_loop_exit_ready_pp0_iter57_reg   |   1|   0|    1|          0|
    |ap_loop_exit_ready_pp0_iter58_reg   |   1|   0|    1|          0|
    |ap_loop_exit_ready_pp0_iter59_reg   |   1|   0|    1|          0|
    |ap_loop_exit_ready_pp0_iter5_reg    |   1|   0|    1|          0|
    |ap_loop_exit_ready_pp0_iter60_reg   |   1|   0|    1|          0|
    |ap_loop_exit_ready_pp0_iter61_reg   |   1|   0|    1|          0|
    |ap_loop_exit_ready_pp0_iter62_reg   |   1|   0|    1|          0|
    |ap_loop_exit_ready_pp0_iter63_reg   |   1|   0|    1|          0|
    |ap_loop_exit_ready_pp0_iter64_reg   |   1|   0|    1|          0|
    |ap_loop_exit_ready_pp0_iter65_reg   |   1|   0|    1|          0|
    |ap_loop_exit_ready_pp0_iter66_reg   |   1|   0|    1|          0|
    |ap_loop_exit_ready_pp0_iter67_reg   |   1|   0|    1|          0|
    |ap_loop_exit_ready_pp0_iter68_reg   |   1|   0|    1|          0|
    |ap_loop_exit_ready_pp0_iter69_reg   |   1|   0|    1|          0|
    |ap_loop_exit_ready_pp0_iter6_reg    |   1|   0|    1|          0|
    |ap_loop_exit_ready_pp0_iter70_reg   |   1|   0|    1|          0|
    |ap_loop_exit_ready_pp0_iter71_reg   |   1|   0|    1|          0|
    |ap_loop_exit_ready_pp0_iter72_reg   |   1|   0|    1|          0|
    |ap_loop_exit_ready_pp0_iter73_reg   |   1|   0|    1|          0|
    |ap_loop_exit_ready_pp0_iter74_reg   |   1|   0|    1|          0|
    |ap_loop_exit_ready_pp0_iter75_reg   |   1|   0|    1|          0|
    |ap_loop_exit_ready_pp0_iter76_reg   |   1|   0|    1|          0|
    |ap_loop_exit_ready_pp0_iter77_reg   |   1|   0|    1|          0|
    |ap_loop_exit_ready_pp0_iter78_reg   |   1|   0|    1|          0|
    |ap_loop_exit_ready_pp0_iter79_reg   |   1|   0|    1|          0|
    |ap_loop_exit_ready_pp0_iter7_reg    |   1|   0|    1|          0|
    |ap_loop_exit_ready_pp0_iter80_reg   |   1|   0|    1|          0|
    |ap_loop_exit_ready_pp0_iter81_reg   |   1|   0|    1|          0|
    |ap_loop_exit_ready_pp0_iter82_reg   |   1|   0|    1|          0|
    |ap_loop_exit_ready_pp0_iter83_reg   |   1|   0|    1|          0|
    |ap_loop_exit_ready_pp0_iter84_reg   |   1|   0|    1|          0|
    |ap_loop_exit_ready_pp0_iter85_reg   |   1|   0|    1|          0|
    |ap_loop_exit_ready_pp0_iter86_reg   |   1|   0|    1|          0|
    |ap_loop_exit_ready_pp0_iter87_reg   |   1|   0|    1|          0|
    |ap_loop_exit_ready_pp0_iter88_reg   |   1|   0|    1|          0|
    |ap_loop_exit_ready_pp0_iter89_reg   |   1|   0|    1|          0|
    |ap_loop_exit_ready_pp0_iter8_reg    |   1|   0|    1|          0|
    |ap_loop_exit_ready_pp0_iter90_reg   |   1|   0|    1|          0|
    |ap_loop_exit_ready_pp0_iter91_reg   |   1|   0|    1|          0|
    |ap_loop_exit_ready_pp0_iter92_reg   |   1|   0|    1|          0|
    |ap_loop_exit_ready_pp0_iter93_reg   |   1|   0|    1|          0|
    |ap_loop_exit_ready_pp0_iter94_reg   |   1|   0|    1|          0|
    |ap_loop_exit_ready_pp0_iter95_reg   |   1|   0|    1|          0|
    |ap_loop_exit_ready_pp0_iter96_reg   |   1|   0|    1|          0|
    |ap_loop_exit_ready_pp0_iter97_reg   |   1|   0|    1|          0|
    |ap_loop_exit_ready_pp0_iter98_reg   |   1|   0|    1|          0|
    |ap_loop_exit_ready_pp0_iter99_reg   |   1|   0|    1|          0|
    |ap_loop_exit_ready_pp0_iter9_reg    |   1|   0|    1|          0|
    |col_65_fu_160                       |   6|   0|    6|          0|
    |input_B_10_load_reg_1479            |  32|   0|   32|          0|
    |input_B_11_load_reg_1499            |  32|   0|   32|          0|
    |input_B_12_load_reg_1519            |  32|   0|   32|          0|
    |input_B_13_load_reg_1539            |  32|   0|   32|          0|
    |input_B_14_load_reg_1559            |  32|   0|   32|          0|
    |input_B_15_load_reg_1579            |  32|   0|   32|          0|
    |input_B_16_load_reg_1599            |  32|   0|   32|          0|
    |input_B_17_load_reg_1619            |  32|   0|   32|          0|
    |input_B_18_load_reg_1639            |  32|   0|   32|          0|
    |input_B_19_load_reg_1659            |  32|   0|   32|          0|
    |input_B_1_load_reg_1299             |  32|   0|   32|          0|
    |input_B_20_load_reg_1679            |  32|   0|   32|          0|
    |input_B_21_load_reg_1699            |  32|   0|   32|          0|
    |input_B_22_load_reg_1719            |  32|   0|   32|          0|
    |input_B_23_load_reg_1739            |  32|   0|   32|          0|
    |input_B_24_load_reg_1759            |  32|   0|   32|          0|
    |input_B_25_load_reg_1779            |  32|   0|   32|          0|
    |input_B_26_load_reg_1799            |  32|   0|   32|          0|
    |input_B_27_load_reg_1819            |  32|   0|   32|          0|
    |input_B_28_load_reg_1839            |  32|   0|   32|          0|
    |input_B_29_load_reg_1859            |  32|   0|   32|          0|
    |input_B_2_load_reg_1319             |  32|   0|   32|          0|
    |input_B_30_load_reg_1879            |  32|   0|   32|          0|
    |input_B_31_load_reg_1899            |  32|   0|   32|          0|
    |input_B_3_load_reg_1339             |  32|   0|   32|          0|
    |input_B_4_load_reg_1359             |  32|   0|   32|          0|
    |input_B_5_load_reg_1379             |  32|   0|   32|          0|
    |input_B_6_load_reg_1399             |  32|   0|   32|          0|
    |input_B_7_load_reg_1419             |  32|   0|   32|          0|
    |input_B_8_load_reg_1439             |  32|   0|   32|          0|
    |input_B_9_load_reg_1459             |  32|   0|   32|          0|
    |input_B_load_reg_1284               |  32|   0|   32|          0|
    |mul_10_1_reg_1489                   |  32|   0|   32|          0|
    |mul_11_1_reg_1509                   |  32|   0|   32|          0|
    |mul_12_1_reg_1529                   |  32|   0|   32|          0|
    |mul_13_1_reg_1549                   |  32|   0|   32|          0|
    |mul_14_1_reg_1569                   |  32|   0|   32|          0|
    |mul_15_1_reg_1589                   |  32|   0|   32|          0|
    |mul_16_1_reg_1609                   |  32|   0|   32|          0|
    |mul_17_1_reg_1629                   |  32|   0|   32|          0|
    |mul_18_1_reg_1649                   |  32|   0|   32|          0|
    |mul_19_1_reg_1669                   |  32|   0|   32|          0|
    |mul_1_1_reg_1309                    |  32|   0|   32|          0|
    |mul_20_1_reg_1689                   |  32|   0|   32|          0|
    |mul_21_1_reg_1709                   |  32|   0|   32|          0|
    |mul_22_1_reg_1729                   |  32|   0|   32|          0|
    |mul_23_1_reg_1749                   |  32|   0|   32|          0|
    |mul_24_1_reg_1769                   |  32|   0|   32|          0|
    |mul_25_1_reg_1789                   |  32|   0|   32|          0|
    |mul_26_1_reg_1809                   |  32|   0|   32|          0|
    |mul_27_1_reg_1829                   |  32|   0|   32|          0|
    |mul_28_1_reg_1849                   |  32|   0|   32|          0|
    |mul_29_1_reg_1869                   |  32|   0|   32|          0|
    |mul_2_1_reg_1329                    |  32|   0|   32|          0|
    |mul_30_1_reg_1889                   |  32|   0|   32|          0|
    |mul_31_1_reg_1909                   |  32|   0|   32|          0|
    |mul_3_1_reg_1349                    |  32|   0|   32|          0|
    |mul_4_1_reg_1369                    |  32|   0|   32|          0|
    |mul_5_1_reg_1389                    |  32|   0|   32|          0|
    |mul_6_1_reg_1409                    |  32|   0|   32|          0|
    |mul_7_1_reg_1429                    |  32|   0|   32|          0|
    |mul_8_1_reg_1449                    |  32|   0|   32|          0|
    |mul_9_1_reg_1469                    |  32|   0|   32|          0|
    |mul_s_reg_1289                      |  32|   0|   32|          0|
    |res_946_reg_1324                    |  32|   0|   32|          0|
    |res_947_reg_1344                    |  32|   0|   32|          0|
    |res_948_reg_1364                    |  32|   0|   32|          0|
    |res_949_reg_1384                    |  32|   0|   32|          0|
    |res_950_reg_1404                    |  32|   0|   32|          0|
    |res_951_reg_1424                    |  32|   0|   32|          0|
    |res_952_reg_1444                    |  32|   0|   32|          0|
    |res_953_reg_1464                    |  32|   0|   32|          0|
    |res_954_reg_1484                    |  32|   0|   32|          0|
    |res_955_reg_1504                    |  32|   0|   32|          0|
    |res_956_reg_1524                    |  32|   0|   32|          0|
    |res_957_reg_1544                    |  32|   0|   32|          0|
    |res_958_reg_1564                    |  32|   0|   32|          0|
    |res_959_reg_1584                    |  32|   0|   32|          0|
    |res_960_reg_1604                    |  32|   0|   32|          0|
    |res_961_reg_1624                    |  32|   0|   32|          0|
    |res_962_reg_1644                    |  32|   0|   32|          0|
    |res_963_reg_1664                    |  32|   0|   32|          0|
    |res_964_reg_1684                    |  32|   0|   32|          0|
    |res_965_reg_1704                    |  32|   0|   32|          0|
    |res_966_reg_1724                    |  32|   0|   32|          0|
    |res_967_reg_1744                    |  32|   0|   32|          0|
    |res_968_reg_1764                    |  32|   0|   32|          0|
    |res_969_reg_1784                    |  32|   0|   32|          0|
    |res_970_reg_1804                    |  32|   0|   32|          0|
    |res_971_reg_1824                    |  32|   0|   32|          0|
    |res_972_reg_1844                    |  32|   0|   32|          0|
    |res_973_reg_1864                    |  32|   0|   32|          0|
    |res_974_reg_1884                    |  32|   0|   32|          0|
    |res_975_reg_1904                    |  32|   0|   32|          0|
    |res_976_reg_1914                    |  32|   0|   32|          0|
    |res_reg_1304                        |  32|   0|   32|          0|
    |zext_ln39_reg_1243                  |   6|   0|   64|         58|
    |zext_ln39_reg_1243                  |  64|  32|   64|         58|
    +------------------------------------+----+----+-----+-----------+
    |Total                               |3415|  32| 3473|        116|
    +------------------------------------+----+----+-----+-----------+



================================================================
== Interface
================================================================
* Summary: 
+-----------------------+-----+-----+------------+-----------------------------------+--------------+
|       RTL Ports       | Dir | Bits|  Protocol  |           Source Object           |    C Type    |
+-----------------------+-----+-----+------------+-----------------------------------+--------------+
|ap_clk                 |   in|    1|  ap_ctrl_hs|  matrixmul_32_opt_Pipeline_loop263|  return value|
|ap_rst                 |   in|    1|  ap_ctrl_hs|  matrixmul_32_opt_Pipeline_loop263|  return value|
|ap_start               |   in|    1|  ap_ctrl_hs|  matrixmul_32_opt_Pipeline_loop263|  return value|
|ap_done                |  out|    1|  ap_ctrl_hs|  matrixmul_32_opt_Pipeline_loop263|  return value|
|ap_idle                |  out|    1|  ap_ctrl_hs|  matrixmul_32_opt_Pipeline_loop263|  return value|
|ap_ready               |  out|    1|  ap_ctrl_hs|  matrixmul_32_opt_Pipeline_loop263|  return value|
|grp_fu_23280_p_din0    |  out|   32|  ap_ctrl_hs|  matrixmul_32_opt_Pipeline_loop263|  return value|
|grp_fu_23280_p_din1    |  out|   32|  ap_ctrl_hs|  matrixmul_32_opt_Pipeline_loop263|  return value|
|grp_fu_23280_p_dout0   |   in|   32|  ap_ctrl_hs|  matrixmul_32_opt_Pipeline_loop263|  return value|
|grp_fu_23280_p_ce      |  out|    1|  ap_ctrl_hs|  matrixmul_32_opt_Pipeline_loop263|  return value|
|grp_fu_23284_p_din0    |  out|   32|  ap_ctrl_hs|  matrixmul_32_opt_Pipeline_loop263|  return value|
|grp_fu_23284_p_din1    |  out|   32|  ap_ctrl_hs|  matrixmul_32_opt_Pipeline_loop263|  return value|
|grp_fu_23284_p_dout0   |   in|   32|  ap_ctrl_hs|  matrixmul_32_opt_Pipeline_loop263|  return value|
|grp_fu_23284_p_ce      |  out|    1|  ap_ctrl_hs|  matrixmul_32_opt_Pipeline_loop263|  return value|
|grp_fu_23288_p_din0    |  out|   32|  ap_ctrl_hs|  matrixmul_32_opt_Pipeline_loop263|  return value|
|grp_fu_23288_p_din1    |  out|   32|  ap_ctrl_hs|  matrixmul_32_opt_Pipeline_loop263|  return value|
|grp_fu_23288_p_dout0   |   in|   32|  ap_ctrl_hs|  matrixmul_32_opt_Pipeline_loop263|  return value|
|grp_fu_23288_p_ce      |  out|    1|  ap_ctrl_hs|  matrixmul_32_opt_Pipeline_loop263|  return value|
|grp_fu_23292_p_din0    |  out|   32|  ap_ctrl_hs|  matrixmul_32_opt_Pipeline_loop263|  return value|
|grp_fu_23292_p_din1    |  out|   32|  ap_ctrl_hs|  matrixmul_32_opt_Pipeline_loop263|  return value|
|grp_fu_23292_p_dout0   |   in|   32|  ap_ctrl_hs|  matrixmul_32_opt_Pipeline_loop263|  return value|
|grp_fu_23292_p_ce      |  out|    1|  ap_ctrl_hs|  matrixmul_32_opt_Pipeline_loop263|  return value|
|grp_fu_23296_p_din0    |  out|   32|  ap_ctrl_hs|  matrixmul_32_opt_Pipeline_loop263|  return value|
|grp_fu_23296_p_din1    |  out|   32|  ap_ctrl_hs|  matrixmul_32_opt_Pipeline_loop263|  return value|
|grp_fu_23296_p_dout0   |   in|   32|  ap_ctrl_hs|  matrixmul_32_opt_Pipeline_loop263|  return value|
|grp_fu_23296_p_ce      |  out|    1|  ap_ctrl_hs|  matrixmul_32_opt_Pipeline_loop263|  return value|
|grp_fu_23300_p_din0    |  out|   32|  ap_ctrl_hs|  matrixmul_32_opt_Pipeline_loop263|  return value|
|grp_fu_23300_p_din1    |  out|   32|  ap_ctrl_hs|  matrixmul_32_opt_Pipeline_loop263|  return value|
|grp_fu_23300_p_dout0   |   in|   32|  ap_ctrl_hs|  matrixmul_32_opt_Pipeline_loop263|  return value|
|grp_fu_23300_p_ce      |  out|    1|  ap_ctrl_hs|  matrixmul_32_opt_Pipeline_loop263|  return value|
|grp_fu_23304_p_din0    |  out|   32|  ap_ctrl_hs|  matrixmul_32_opt_Pipeline_loop263|  return value|
|grp_fu_23304_p_din1    |  out|   32|  ap_ctrl_hs|  matrixmul_32_opt_Pipeline_loop263|  return value|
|grp_fu_23304_p_dout0   |   in|   32|  ap_ctrl_hs|  matrixmul_32_opt_Pipeline_loop263|  return value|
|grp_fu_23304_p_ce      |  out|    1|  ap_ctrl_hs|  matrixmul_32_opt_Pipeline_loop263|  return value|
|grp_fu_23308_p_din0    |  out|   32|  ap_ctrl_hs|  matrixmul_32_opt_Pipeline_loop263|  return value|
|grp_fu_23308_p_din1    |  out|   32|  ap_ctrl_hs|  matrixmul_32_opt_Pipeline_loop263|  return value|
|grp_fu_23308_p_dout0   |   in|   32|  ap_ctrl_hs|  matrixmul_32_opt_Pipeline_loop263|  return value|
|grp_fu_23308_p_ce      |  out|    1|  ap_ctrl_hs|  matrixmul_32_opt_Pipeline_loop263|  return value|
|grp_fu_23312_p_din0    |  out|   32|  ap_ctrl_hs|  matrixmul_32_opt_Pipeline_loop263|  return value|
|grp_fu_23312_p_din1    |  out|   32|  ap_ctrl_hs|  matrixmul_32_opt_Pipeline_loop263|  return value|
|grp_fu_23312_p_dout0   |   in|   32|  ap_ctrl_hs|  matrixmul_32_opt_Pipeline_loop263|  return value|
|grp_fu_23312_p_ce      |  out|    1|  ap_ctrl_hs|  matrixmul_32_opt_Pipeline_loop263|  return value|
|grp_fu_23316_p_din0    |  out|   32|  ap_ctrl_hs|  matrixmul_32_opt_Pipeline_loop263|  return value|
|grp_fu_23316_p_din1    |  out|   32|  ap_ctrl_hs|  matrixmul_32_opt_Pipeline_loop263|  return value|
|grp_fu_23316_p_dout0   |   in|   32|  ap_ctrl_hs|  matrixmul_32_opt_Pipeline_loop263|  return value|
|grp_fu_23316_p_ce      |  out|    1|  ap_ctrl_hs|  matrixmul_32_opt_Pipeline_loop263|  return value|
|grp_fu_23320_p_din0    |  out|   32|  ap_ctrl_hs|  matrixmul_32_opt_Pipeline_loop263|  return value|
|grp_fu_23320_p_din1    |  out|   32|  ap_ctrl_hs|  matrixmul_32_opt_Pipeline_loop263|  return value|
|grp_fu_23320_p_opcode  |  out|    2|  ap_ctrl_hs|  matrixmul_32_opt_Pipeline_loop263|  return value|
|grp_fu_23320_p_dout0   |   in|   32|  ap_ctrl_hs|  matrixmul_32_opt_Pipeline_loop263|  return value|
|grp_fu_23320_p_ce      |  out|    1|  ap_ctrl_hs|  matrixmul_32_opt_Pipeline_loop263|  return value|
|grp_fu_23324_p_din0    |  out|   32|  ap_ctrl_hs|  matrixmul_32_opt_Pipeline_loop263|  return value|
|grp_fu_23324_p_din1    |  out|   32|  ap_ctrl_hs|  matrixmul_32_opt_Pipeline_loop263|  return value|
|grp_fu_23324_p_opcode  |  out|    2|  ap_ctrl_hs|  matrixmul_32_opt_Pipeline_loop263|  return value|
|grp_fu_23324_p_dout0   |   in|   32|  ap_ctrl_hs|  matrixmul_32_opt_Pipeline_loop263|  return value|
|grp_fu_23324_p_ce      |  out|    1|  ap_ctrl_hs|  matrixmul_32_opt_Pipeline_loop263|  return value|
|grp_fu_23328_p_din0    |  out|   32|  ap_ctrl_hs|  matrixmul_32_opt_Pipeline_loop263|  return value|
|grp_fu_23328_p_din1    |  out|   32|  ap_ctrl_hs|  matrixmul_32_opt_Pipeline_loop263|  return value|
|grp_fu_23328_p_opcode  |  out|    2|  ap_ctrl_hs|  matrixmul_32_opt_Pipeline_loop263|  return value|
|grp_fu_23328_p_dout0   |   in|   32|  ap_ctrl_hs|  matrixmul_32_opt_Pipeline_loop263|  return value|
|grp_fu_23328_p_ce      |  out|    1|  ap_ctrl_hs|  matrixmul_32_opt_Pipeline_loop263|  return value|
|grp_fu_23332_p_din0    |  out|   32|  ap_ctrl_hs|  matrixmul_32_opt_Pipeline_loop263|  return value|
|grp_fu_23332_p_din1    |  out|   32|  ap_ctrl_hs|  matrixmul_32_opt_Pipeline_loop263|  return value|
|grp_fu_23332_p_opcode  |  out|    2|  ap_ctrl_hs|  matrixmul_32_opt_Pipeline_loop263|  return value|
|grp_fu_23332_p_dout0   |   in|   32|  ap_ctrl_hs|  matrixmul_32_opt_Pipeline_loop263|  return value|
|grp_fu_23332_p_ce      |  out|    1|  ap_ctrl_hs|  matrixmul_32_opt_Pipeline_loop263|  return value|
|grp_fu_23336_p_din0    |  out|   32|  ap_ctrl_hs|  matrixmul_32_opt_Pipeline_loop263|  return value|
|grp_fu_23336_p_din1    |  out|   32|  ap_ctrl_hs|  matrixmul_32_opt_Pipeline_loop263|  return value|
|grp_fu_23336_p_opcode  |  out|    2|  ap_ctrl_hs|  matrixmul_32_opt_Pipeline_loop263|  return value|
|grp_fu_23336_p_dout0   |   in|   32|  ap_ctrl_hs|  matrixmul_32_opt_Pipeline_loop263|  return value|
|grp_fu_23336_p_ce      |  out|    1|  ap_ctrl_hs|  matrixmul_32_opt_Pipeline_loop263|  return value|
|grp_fu_23340_p_din0    |  out|   32|  ap_ctrl_hs|  matrixmul_32_opt_Pipeline_loop263|  return value|
|grp_fu_23340_p_din1    |  out|   32|  ap_ctrl_hs|  matrixmul_32_opt_Pipeline_loop263|  return value|
|grp_fu_23340_p_opcode  |  out|    2|  ap_ctrl_hs|  matrixmul_32_opt_Pipeline_loop263|  return value|
|grp_fu_23340_p_dout0   |   in|   32|  ap_ctrl_hs|  matrixmul_32_opt_Pipeline_loop263|  return value|
|grp_fu_23340_p_ce      |  out|    1|  ap_ctrl_hs|  matrixmul_32_opt_Pipeline_loop263|  return value|
|grp_fu_23344_p_din0    |  out|   32|  ap_ctrl_hs|  matrixmul_32_opt_Pipeline_loop263|  return value|
|grp_fu_23344_p_din1    |  out|   32|  ap_ctrl_hs|  matrixmul_32_opt_Pipeline_loop263|  return value|
|grp_fu_23344_p_opcode  |  out|    2|  ap_ctrl_hs|  matrixmul_32_opt_Pipeline_loop263|  return value|
|grp_fu_23344_p_dout0   |   in|   32|  ap_ctrl_hs|  matrixmul_32_opt_Pipeline_loop263|  return value|
|grp_fu_23344_p_ce      |  out|    1|  ap_ctrl_hs|  matrixmul_32_opt_Pipeline_loop263|  return value|
|grp_fu_23348_p_din0    |  out|   32|  ap_ctrl_hs|  matrixmul_32_opt_Pipeline_loop263|  return value|
|grp_fu_23348_p_din1    |  out|   32|  ap_ctrl_hs|  matrixmul_32_opt_Pipeline_loop263|  return value|
|grp_fu_23348_p_opcode  |  out|    2|  ap_ctrl_hs|  matrixmul_32_opt_Pipeline_loop263|  return value|
|grp_fu_23348_p_dout0   |   in|   32|  ap_ctrl_hs|  matrixmul_32_opt_Pipeline_loop263|  return value|
|grp_fu_23348_p_ce      |  out|    1|  ap_ctrl_hs|  matrixmul_32_opt_Pipeline_loop263|  return value|
|grp_fu_23352_p_din0    |  out|   32|  ap_ctrl_hs|  matrixmul_32_opt_Pipeline_loop263|  return value|
|grp_fu_23352_p_din1    |  out|   32|  ap_ctrl_hs|  matrixmul_32_opt_Pipeline_loop263|  return value|
|grp_fu_23352_p_opcode  |  out|    2|  ap_ctrl_hs|  matrixmul_32_opt_Pipeline_loop263|  return value|
|grp_fu_23352_p_dout0   |   in|   32|  ap_ctrl_hs|  matrixmul_32_opt_Pipeline_loop263|  return value|
|grp_fu_23352_p_ce      |  out|    1|  ap_ctrl_hs|  matrixmul_32_opt_Pipeline_loop263|  return value|
|grp_fu_23356_p_din0    |  out|   32|  ap_ctrl_hs|  matrixmul_32_opt_Pipeline_loop263|  return value|
|grp_fu_23356_p_din1    |  out|   32|  ap_ctrl_hs|  matrixmul_32_opt_Pipeline_loop263|  return value|
|grp_fu_23356_p_opcode  |  out|    2|  ap_ctrl_hs|  matrixmul_32_opt_Pipeline_loop263|  return value|
|grp_fu_23356_p_dout0   |   in|   32|  ap_ctrl_hs|  matrixmul_32_opt_Pipeline_loop263|  return value|
|grp_fu_23356_p_ce      |  out|    1|  ap_ctrl_hs|  matrixmul_32_opt_Pipeline_loop263|  return value|
|grp_fu_23360_p_din0    |  out|   32|  ap_ctrl_hs|  matrixmul_32_opt_Pipeline_loop263|  return value|
|grp_fu_23360_p_din1    |  out|   32|  ap_ctrl_hs|  matrixmul_32_opt_Pipeline_loop263|  return value|
|grp_fu_23360_p_opcode  |  out|    2|  ap_ctrl_hs|  matrixmul_32_opt_Pipeline_loop263|  return value|
|grp_fu_23360_p_dout0   |   in|   32|  ap_ctrl_hs|  matrixmul_32_opt_Pipeline_loop263|  return value|
|grp_fu_23360_p_ce      |  out|    1|  ap_ctrl_hs|  matrixmul_32_opt_Pipeline_loop263|  return value|
|grp_fu_23364_p_din0    |  out|   32|  ap_ctrl_hs|  matrixmul_32_opt_Pipeline_loop263|  return value|
|grp_fu_23364_p_din1    |  out|   32|  ap_ctrl_hs|  matrixmul_32_opt_Pipeline_loop263|  return value|
|grp_fu_23364_p_opcode  |  out|    2|  ap_ctrl_hs|  matrixmul_32_opt_Pipeline_loop263|  return value|
|grp_fu_23364_p_dout0   |   in|   32|  ap_ctrl_hs|  matrixmul_32_opt_Pipeline_loop263|  return value|
|grp_fu_23364_p_ce      |  out|    1|  ap_ctrl_hs|  matrixmul_32_opt_Pipeline_loop263|  return value|
|grp_fu_23368_p_din0    |  out|   32|  ap_ctrl_hs|  matrixmul_32_opt_Pipeline_loop263|  return value|
|grp_fu_23368_p_din1    |  out|   32|  ap_ctrl_hs|  matrixmul_32_opt_Pipeline_loop263|  return value|
|grp_fu_23368_p_opcode  |  out|    2|  ap_ctrl_hs|  matrixmul_32_opt_Pipeline_loop263|  return value|
|grp_fu_23368_p_dout0   |   in|   32|  ap_ctrl_hs|  matrixmul_32_opt_Pipeline_loop263|  return value|
|grp_fu_23368_p_ce      |  out|    1|  ap_ctrl_hs|  matrixmul_32_opt_Pipeline_loop263|  return value|
|grp_fu_23372_p_din0    |  out|   32|  ap_ctrl_hs|  matrixmul_32_opt_Pipeline_loop263|  return value|
|grp_fu_23372_p_din1    |  out|   32|  ap_ctrl_hs|  matrixmul_32_opt_Pipeline_loop263|  return value|
|grp_fu_23372_p_opcode  |  out|    2|  ap_ctrl_hs|  matrixmul_32_opt_Pipeline_loop263|  return value|
|grp_fu_23372_p_dout0   |   in|   32|  ap_ctrl_hs|  matrixmul_32_opt_Pipeline_loop263|  return value|
|grp_fu_23372_p_ce      |  out|    1|  ap_ctrl_hs|  matrixmul_32_opt_Pipeline_loop263|  return value|
|grp_fu_23376_p_din0    |  out|   32|  ap_ctrl_hs|  matrixmul_32_opt_Pipeline_loop263|  return value|
|grp_fu_23376_p_din1    |  out|   32|  ap_ctrl_hs|  matrixmul_32_opt_Pipeline_loop263|  return value|
|grp_fu_23376_p_opcode  |  out|    2|  ap_ctrl_hs|  matrixmul_32_opt_Pipeline_loop263|  return value|
|grp_fu_23376_p_dout0   |   in|   32|  ap_ctrl_hs|  matrixmul_32_opt_Pipeline_loop263|  return value|
|grp_fu_23376_p_ce      |  out|    1|  ap_ctrl_hs|  matrixmul_32_opt_Pipeline_loop263|  return value|
|grp_fu_23380_p_din0    |  out|   32|  ap_ctrl_hs|  matrixmul_32_opt_Pipeline_loop263|  return value|
|grp_fu_23380_p_din1    |  out|   32|  ap_ctrl_hs|  matrixmul_32_opt_Pipeline_loop263|  return value|
|grp_fu_23380_p_opcode  |  out|    2|  ap_ctrl_hs|  matrixmul_32_opt_Pipeline_loop263|  return value|
|grp_fu_23380_p_dout0   |   in|   32|  ap_ctrl_hs|  matrixmul_32_opt_Pipeline_loop263|  return value|
|grp_fu_23380_p_ce      |  out|    1|  ap_ctrl_hs|  matrixmul_32_opt_Pipeline_loop263|  return value|
|grp_fu_23384_p_din0    |  out|   32|  ap_ctrl_hs|  matrixmul_32_opt_Pipeline_loop263|  return value|
|grp_fu_23384_p_din1    |  out|   32|  ap_ctrl_hs|  matrixmul_32_opt_Pipeline_loop263|  return value|
|grp_fu_23384_p_opcode  |  out|    2|  ap_ctrl_hs|  matrixmul_32_opt_Pipeline_loop263|  return value|
|grp_fu_23384_p_dout0   |   in|   32|  ap_ctrl_hs|  matrixmul_32_opt_Pipeline_loop263|  return value|
|grp_fu_23384_p_ce      |  out|    1|  ap_ctrl_hs|  matrixmul_32_opt_Pipeline_loop263|  return value|
|grp_fu_23388_p_din0    |  out|   32|  ap_ctrl_hs|  matrixmul_32_opt_Pipeline_loop263|  return value|
|grp_fu_23388_p_din1    |  out|   32|  ap_ctrl_hs|  matrixmul_32_opt_Pipeline_loop263|  return value|
|grp_fu_23388_p_opcode  |  out|    2|  ap_ctrl_hs|  matrixmul_32_opt_Pipeline_loop263|  return value|
|grp_fu_23388_p_dout0   |   in|   32|  ap_ctrl_hs|  matrixmul_32_opt_Pipeline_loop263|  return value|
|grp_fu_23388_p_ce      |  out|    1|  ap_ctrl_hs|  matrixmul_32_opt_Pipeline_loop263|  return value|
|grp_fu_23392_p_din0    |  out|   32|  ap_ctrl_hs|  matrixmul_32_opt_Pipeline_loop263|  return value|
|grp_fu_23392_p_din1    |  out|   32|  ap_ctrl_hs|  matrixmul_32_opt_Pipeline_loop263|  return value|
|grp_fu_23392_p_opcode  |  out|    2|  ap_ctrl_hs|  matrixmul_32_opt_Pipeline_loop263|  return value|
|grp_fu_23392_p_dout0   |   in|   32|  ap_ctrl_hs|  matrixmul_32_opt_Pipeline_loop263|  return value|
|grp_fu_23392_p_ce      |  out|    1|  ap_ctrl_hs|  matrixmul_32_opt_Pipeline_loop263|  return value|
|grp_fu_23396_p_din0    |  out|   32|  ap_ctrl_hs|  matrixmul_32_opt_Pipeline_loop263|  return value|
|grp_fu_23396_p_din1    |  out|   32|  ap_ctrl_hs|  matrixmul_32_opt_Pipeline_loop263|  return value|
|grp_fu_23396_p_opcode  |  out|    2|  ap_ctrl_hs|  matrixmul_32_opt_Pipeline_loop263|  return value|
|grp_fu_23396_p_dout0   |   in|   32|  ap_ctrl_hs|  matrixmul_32_opt_Pipeline_loop263|  return value|
|grp_fu_23396_p_ce      |  out|    1|  ap_ctrl_hs|  matrixmul_32_opt_Pipeline_loop263|  return value|
|grp_fu_23400_p_din0    |  out|   32|  ap_ctrl_hs|  matrixmul_32_opt_Pipeline_loop263|  return value|
|grp_fu_23400_p_din1    |  out|   32|  ap_ctrl_hs|  matrixmul_32_opt_Pipeline_loop263|  return value|
|grp_fu_23400_p_opcode  |  out|    2|  ap_ctrl_hs|  matrixmul_32_opt_Pipeline_loop263|  return value|
|grp_fu_23400_p_dout0   |   in|   32|  ap_ctrl_hs|  matrixmul_32_opt_Pipeline_loop263|  return value|
|grp_fu_23400_p_ce      |  out|    1|  ap_ctrl_hs|  matrixmul_32_opt_Pipeline_loop263|  return value|
|grp_fu_23404_p_din0    |  out|   32|  ap_ctrl_hs|  matrixmul_32_opt_Pipeline_loop263|  return value|
|grp_fu_23404_p_din1    |  out|   32|  ap_ctrl_hs|  matrixmul_32_opt_Pipeline_loop263|  return value|
|grp_fu_23404_p_opcode  |  out|    2|  ap_ctrl_hs|  matrixmul_32_opt_Pipeline_loop263|  return value|
|grp_fu_23404_p_dout0   |   in|   32|  ap_ctrl_hs|  matrixmul_32_opt_Pipeline_loop263|  return value|
|grp_fu_23404_p_ce      |  out|    1|  ap_ctrl_hs|  matrixmul_32_opt_Pipeline_loop263|  return value|
|grp_fu_23408_p_din0    |  out|   32|  ap_ctrl_hs|  matrixmul_32_opt_Pipeline_loop263|  return value|
|grp_fu_23408_p_din1    |  out|   32|  ap_ctrl_hs|  matrixmul_32_opt_Pipeline_loop263|  return value|
|grp_fu_23408_p_opcode  |  out|    2|  ap_ctrl_hs|  matrixmul_32_opt_Pipeline_loop263|  return value|
|grp_fu_23408_p_dout0   |   in|   32|  ap_ctrl_hs|  matrixmul_32_opt_Pipeline_loop263|  return value|
|grp_fu_23408_p_ce      |  out|    1|  ap_ctrl_hs|  matrixmul_32_opt_Pipeline_loop263|  return value|
|grp_fu_23412_p_din0    |  out|   32|  ap_ctrl_hs|  matrixmul_32_opt_Pipeline_loop263|  return value|
|grp_fu_23412_p_din1    |  out|   32|  ap_ctrl_hs|  matrixmul_32_opt_Pipeline_loop263|  return value|
|grp_fu_23412_p_opcode  |  out|    2|  ap_ctrl_hs|  matrixmul_32_opt_Pipeline_loop263|  return value|
|grp_fu_23412_p_dout0   |   in|   32|  ap_ctrl_hs|  matrixmul_32_opt_Pipeline_loop263|  return value|
|grp_fu_23412_p_ce      |  out|    1|  ap_ctrl_hs|  matrixmul_32_opt_Pipeline_loop263|  return value|
|grp_fu_23416_p_din0    |  out|   32|  ap_ctrl_hs|  matrixmul_32_opt_Pipeline_loop263|  return value|
|grp_fu_23416_p_din1    |  out|   32|  ap_ctrl_hs|  matrixmul_32_opt_Pipeline_loop263|  return value|
|grp_fu_23416_p_opcode  |  out|    2|  ap_ctrl_hs|  matrixmul_32_opt_Pipeline_loop263|  return value|
|grp_fu_23416_p_dout0   |   in|   32|  ap_ctrl_hs|  matrixmul_32_opt_Pipeline_loop263|  return value|
|grp_fu_23416_p_ce      |  out|    1|  ap_ctrl_hs|  matrixmul_32_opt_Pipeline_loop263|  return value|
|grp_fu_23420_p_din0    |  out|   32|  ap_ctrl_hs|  matrixmul_32_opt_Pipeline_loop263|  return value|
|grp_fu_23420_p_din1    |  out|   32|  ap_ctrl_hs|  matrixmul_32_opt_Pipeline_loop263|  return value|
|grp_fu_23420_p_opcode  |  out|    2|  ap_ctrl_hs|  matrixmul_32_opt_Pipeline_loop263|  return value|
|grp_fu_23420_p_dout0   |   in|   32|  ap_ctrl_hs|  matrixmul_32_opt_Pipeline_loop263|  return value|
|grp_fu_23420_p_ce      |  out|    1|  ap_ctrl_hs|  matrixmul_32_opt_Pipeline_loop263|  return value|
|grp_fu_23424_p_din0    |  out|   32|  ap_ctrl_hs|  matrixmul_32_opt_Pipeline_loop263|  return value|
|grp_fu_23424_p_din1    |  out|   32|  ap_ctrl_hs|  matrixmul_32_opt_Pipeline_loop263|  return value|
|grp_fu_23424_p_opcode  |  out|    2|  ap_ctrl_hs|  matrixmul_32_opt_Pipeline_loop263|  return value|
|grp_fu_23424_p_dout0   |   in|   32|  ap_ctrl_hs|  matrixmul_32_opt_Pipeline_loop263|  return value|
|grp_fu_23424_p_ce      |  out|    1|  ap_ctrl_hs|  matrixmul_32_opt_Pipeline_loop263|  return value|
|grp_fu_23428_p_din0    |  out|   32|  ap_ctrl_hs|  matrixmul_32_opt_Pipeline_loop263|  return value|
|grp_fu_23428_p_din1    |  out|   32|  ap_ctrl_hs|  matrixmul_32_opt_Pipeline_loop263|  return value|
|grp_fu_23428_p_opcode  |  out|    2|  ap_ctrl_hs|  matrixmul_32_opt_Pipeline_loop263|  return value|
|grp_fu_23428_p_dout0   |   in|   32|  ap_ctrl_hs|  matrixmul_32_opt_Pipeline_loop263|  return value|
|grp_fu_23428_p_ce      |  out|    1|  ap_ctrl_hs|  matrixmul_32_opt_Pipeline_loop263|  return value|
|grp_fu_23432_p_din0    |  out|   32|  ap_ctrl_hs|  matrixmul_32_opt_Pipeline_loop263|  return value|
|grp_fu_23432_p_din1    |  out|   32|  ap_ctrl_hs|  matrixmul_32_opt_Pipeline_loop263|  return value|
|grp_fu_23432_p_opcode  |  out|    2|  ap_ctrl_hs|  matrixmul_32_opt_Pipeline_loop263|  return value|
|grp_fu_23432_p_dout0   |   in|   32|  ap_ctrl_hs|  matrixmul_32_opt_Pipeline_loop263|  return value|
|grp_fu_23432_p_ce      |  out|    1|  ap_ctrl_hs|  matrixmul_32_opt_Pipeline_loop263|  return value|
|grp_fu_23436_p_din0    |  out|   32|  ap_ctrl_hs|  matrixmul_32_opt_Pipeline_loop263|  return value|
|grp_fu_23436_p_din1    |  out|   32|  ap_ctrl_hs|  matrixmul_32_opt_Pipeline_loop263|  return value|
|grp_fu_23436_p_opcode  |  out|    2|  ap_ctrl_hs|  matrixmul_32_opt_Pipeline_loop263|  return value|
|grp_fu_23436_p_dout0   |   in|   32|  ap_ctrl_hs|  matrixmul_32_opt_Pipeline_loop263|  return value|
|grp_fu_23436_p_ce      |  out|    1|  ap_ctrl_hs|  matrixmul_32_opt_Pipeline_loop263|  return value|
|grp_fu_23440_p_din0    |  out|   32|  ap_ctrl_hs|  matrixmul_32_opt_Pipeline_loop263|  return value|
|grp_fu_23440_p_din1    |  out|   32|  ap_ctrl_hs|  matrixmul_32_opt_Pipeline_loop263|  return value|
|grp_fu_23440_p_opcode  |  out|    2|  ap_ctrl_hs|  matrixmul_32_opt_Pipeline_loop263|  return value|
|grp_fu_23440_p_dout0   |   in|   32|  ap_ctrl_hs|  matrixmul_32_opt_Pipeline_loop263|  return value|
|grp_fu_23440_p_ce      |  out|    1|  ap_ctrl_hs|  matrixmul_32_opt_Pipeline_loop263|  return value|
|grp_fu_23444_p_din0    |  out|   32|  ap_ctrl_hs|  matrixmul_32_opt_Pipeline_loop263|  return value|
|grp_fu_23444_p_din1    |  out|   32|  ap_ctrl_hs|  matrixmul_32_opt_Pipeline_loop263|  return value|
|grp_fu_23444_p_opcode  |  out|    2|  ap_ctrl_hs|  matrixmul_32_opt_Pipeline_loop263|  return value|
|grp_fu_23444_p_dout0   |   in|   32|  ap_ctrl_hs|  matrixmul_32_opt_Pipeline_loop263|  return value|
|grp_fu_23444_p_ce      |  out|    1|  ap_ctrl_hs|  matrixmul_32_opt_Pipeline_loop263|  return value|
|grp_fu_23448_p_din0    |  out|   32|  ap_ctrl_hs|  matrixmul_32_opt_Pipeline_loop263|  return value|
|grp_fu_23448_p_din1    |  out|   32|  ap_ctrl_hs|  matrixmul_32_opt_Pipeline_loop263|  return value|
|grp_fu_23448_p_dout0   |   in|   32|  ap_ctrl_hs|  matrixmul_32_opt_Pipeline_loop263|  return value|
|grp_fu_23448_p_ce      |  out|    1|  ap_ctrl_hs|  matrixmul_32_opt_Pipeline_loop263|  return value|
|grp_fu_23452_p_din0    |  out|   32|  ap_ctrl_hs|  matrixmul_32_opt_Pipeline_loop263|  return value|
|grp_fu_23452_p_din1    |  out|   32|  ap_ctrl_hs|  matrixmul_32_opt_Pipeline_loop263|  return value|
|grp_fu_23452_p_dout0   |   in|   32|  ap_ctrl_hs|  matrixmul_32_opt_Pipeline_loop263|  return value|
|grp_fu_23452_p_ce      |  out|    1|  ap_ctrl_hs|  matrixmul_32_opt_Pipeline_loop263|  return value|
|grp_fu_23456_p_din0    |  out|   32|  ap_ctrl_hs|  matrixmul_32_opt_Pipeline_loop263|  return value|
|grp_fu_23456_p_din1    |  out|   32|  ap_ctrl_hs|  matrixmul_32_opt_Pipeline_loop263|  return value|
|grp_fu_23456_p_dout0   |   in|   32|  ap_ctrl_hs|  matrixmul_32_opt_Pipeline_loop263|  return value|
|grp_fu_23456_p_ce      |  out|    1|  ap_ctrl_hs|  matrixmul_32_opt_Pipeline_loop263|  return value|
|grp_fu_23460_p_din0    |  out|   32|  ap_ctrl_hs|  matrixmul_32_opt_Pipeline_loop263|  return value|
|grp_fu_23460_p_din1    |  out|   32|  ap_ctrl_hs|  matrixmul_32_opt_Pipeline_loop263|  return value|
|grp_fu_23460_p_dout0   |   in|   32|  ap_ctrl_hs|  matrixmul_32_opt_Pipeline_loop263|  return value|
|grp_fu_23460_p_ce      |  out|    1|  ap_ctrl_hs|  matrixmul_32_opt_Pipeline_loop263|  return value|
|grp_fu_23464_p_din0    |  out|   32|  ap_ctrl_hs|  matrixmul_32_opt_Pipeline_loop263|  return value|
|grp_fu_23464_p_din1    |  out|   32|  ap_ctrl_hs|  matrixmul_32_opt_Pipeline_loop263|  return value|
|grp_fu_23464_p_dout0   |   in|   32|  ap_ctrl_hs|  matrixmul_32_opt_Pipeline_loop263|  return value|
|grp_fu_23464_p_ce      |  out|    1|  ap_ctrl_hs|  matrixmul_32_opt_Pipeline_loop263|  return value|
|grp_fu_23468_p_din0    |  out|   32|  ap_ctrl_hs|  matrixmul_32_opt_Pipeline_loop263|  return value|
|grp_fu_23468_p_din1    |  out|   32|  ap_ctrl_hs|  matrixmul_32_opt_Pipeline_loop263|  return value|
|grp_fu_23468_p_dout0   |   in|   32|  ap_ctrl_hs|  matrixmul_32_opt_Pipeline_loop263|  return value|
|grp_fu_23468_p_ce      |  out|    1|  ap_ctrl_hs|  matrixmul_32_opt_Pipeline_loop263|  return value|
|grp_fu_23472_p_din0    |  out|   32|  ap_ctrl_hs|  matrixmul_32_opt_Pipeline_loop263|  return value|
|grp_fu_23472_p_din1    |  out|   32|  ap_ctrl_hs|  matrixmul_32_opt_Pipeline_loop263|  return value|
|grp_fu_23472_p_dout0   |   in|   32|  ap_ctrl_hs|  matrixmul_32_opt_Pipeline_loop263|  return value|
|grp_fu_23472_p_ce      |  out|    1|  ap_ctrl_hs|  matrixmul_32_opt_Pipeline_loop263|  return value|
|grp_fu_23476_p_din0    |  out|   32|  ap_ctrl_hs|  matrixmul_32_opt_Pipeline_loop263|  return value|
|grp_fu_23476_p_din1    |  out|   32|  ap_ctrl_hs|  matrixmul_32_opt_Pipeline_loop263|  return value|
|grp_fu_23476_p_dout0   |   in|   32|  ap_ctrl_hs|  matrixmul_32_opt_Pipeline_loop263|  return value|
|grp_fu_23476_p_ce      |  out|    1|  ap_ctrl_hs|  matrixmul_32_opt_Pipeline_loop263|  return value|
|grp_fu_23480_p_din0    |  out|   32|  ap_ctrl_hs|  matrixmul_32_opt_Pipeline_loop263|  return value|
|grp_fu_23480_p_din1    |  out|   32|  ap_ctrl_hs|  matrixmul_32_opt_Pipeline_loop263|  return value|
|grp_fu_23480_p_dout0   |   in|   32|  ap_ctrl_hs|  matrixmul_32_opt_Pipeline_loop263|  return value|
|grp_fu_23480_p_ce      |  out|    1|  ap_ctrl_hs|  matrixmul_32_opt_Pipeline_loop263|  return value|
|grp_fu_23484_p_din0    |  out|   32|  ap_ctrl_hs|  matrixmul_32_opt_Pipeline_loop263|  return value|
|grp_fu_23484_p_din1    |  out|   32|  ap_ctrl_hs|  matrixmul_32_opt_Pipeline_loop263|  return value|
|grp_fu_23484_p_dout0   |   in|   32|  ap_ctrl_hs|  matrixmul_32_opt_Pipeline_loop263|  return value|
|grp_fu_23484_p_ce      |  out|    1|  ap_ctrl_hs|  matrixmul_32_opt_Pipeline_loop263|  return value|
|grp_fu_23488_p_din0    |  out|   32|  ap_ctrl_hs|  matrixmul_32_opt_Pipeline_loop263|  return value|
|grp_fu_23488_p_din1    |  out|   32|  ap_ctrl_hs|  matrixmul_32_opt_Pipeline_loop263|  return value|
|grp_fu_23488_p_dout0   |   in|   32|  ap_ctrl_hs|  matrixmul_32_opt_Pipeline_loop263|  return value|
|grp_fu_23488_p_ce      |  out|    1|  ap_ctrl_hs|  matrixmul_32_opt_Pipeline_loop263|  return value|
|grp_fu_23492_p_din0    |  out|   32|  ap_ctrl_hs|  matrixmul_32_opt_Pipeline_loop263|  return value|
|grp_fu_23492_p_din1    |  out|   32|  ap_ctrl_hs|  matrixmul_32_opt_Pipeline_loop263|  return value|
|grp_fu_23492_p_dout0   |   in|   32|  ap_ctrl_hs|  matrixmul_32_opt_Pipeline_loop263|  return value|
|grp_fu_23492_p_ce      |  out|    1|  ap_ctrl_hs|  matrixmul_32_opt_Pipeline_loop263|  return value|
|grp_fu_23496_p_din0    |  out|   32|  ap_ctrl_hs|  matrixmul_32_opt_Pipeline_loop263|  return value|
|grp_fu_23496_p_din1    |  out|   32|  ap_ctrl_hs|  matrixmul_32_opt_Pipeline_loop263|  return value|
|grp_fu_23496_p_dout0   |   in|   32|  ap_ctrl_hs|  matrixmul_32_opt_Pipeline_loop263|  return value|
|grp_fu_23496_p_ce      |  out|    1|  ap_ctrl_hs|  matrixmul_32_opt_Pipeline_loop263|  return value|
|grp_fu_23500_p_din0    |  out|   32|  ap_ctrl_hs|  matrixmul_32_opt_Pipeline_loop263|  return value|
|grp_fu_23500_p_din1    |  out|   32|  ap_ctrl_hs|  matrixmul_32_opt_Pipeline_loop263|  return value|
|grp_fu_23500_p_dout0   |   in|   32|  ap_ctrl_hs|  matrixmul_32_opt_Pipeline_loop263|  return value|
|grp_fu_23500_p_ce      |  out|    1|  ap_ctrl_hs|  matrixmul_32_opt_Pipeline_loop263|  return value|
|grp_fu_23504_p_din0    |  out|   32|  ap_ctrl_hs|  matrixmul_32_opt_Pipeline_loop263|  return value|
|grp_fu_23504_p_din1    |  out|   32|  ap_ctrl_hs|  matrixmul_32_opt_Pipeline_loop263|  return value|
|grp_fu_23504_p_dout0   |   in|   32|  ap_ctrl_hs|  matrixmul_32_opt_Pipeline_loop263|  return value|
|grp_fu_23504_p_ce      |  out|    1|  ap_ctrl_hs|  matrixmul_32_opt_Pipeline_loop263|  return value|
|grp_fu_23508_p_din0    |  out|   32|  ap_ctrl_hs|  matrixmul_32_opt_Pipeline_loop263|  return value|
|grp_fu_23508_p_din1    |  out|   32|  ap_ctrl_hs|  matrixmul_32_opt_Pipeline_loop263|  return value|
|grp_fu_23508_p_dout0   |   in|   32|  ap_ctrl_hs|  matrixmul_32_opt_Pipeline_loop263|  return value|
|grp_fu_23508_p_ce      |  out|    1|  ap_ctrl_hs|  matrixmul_32_opt_Pipeline_loop263|  return value|
|grp_fu_23512_p_din0    |  out|   32|  ap_ctrl_hs|  matrixmul_32_opt_Pipeline_loop263|  return value|
|grp_fu_23512_p_din1    |  out|   32|  ap_ctrl_hs|  matrixmul_32_opt_Pipeline_loop263|  return value|
|grp_fu_23512_p_dout0   |   in|   32|  ap_ctrl_hs|  matrixmul_32_opt_Pipeline_loop263|  return value|
|grp_fu_23512_p_ce      |  out|    1|  ap_ctrl_hs|  matrixmul_32_opt_Pipeline_loop263|  return value|
|grp_fu_23516_p_din0    |  out|   32|  ap_ctrl_hs|  matrixmul_32_opt_Pipeline_loop263|  return value|
|grp_fu_23516_p_din1    |  out|   32|  ap_ctrl_hs|  matrixmul_32_opt_Pipeline_loop263|  return value|
|grp_fu_23516_p_dout0   |   in|   32|  ap_ctrl_hs|  matrixmul_32_opt_Pipeline_loop263|  return value|
|grp_fu_23516_p_ce      |  out|    1|  ap_ctrl_hs|  matrixmul_32_opt_Pipeline_loop263|  return value|
|grp_fu_23520_p_din0    |  out|   32|  ap_ctrl_hs|  matrixmul_32_opt_Pipeline_loop263|  return value|
|grp_fu_23520_p_din1    |  out|   32|  ap_ctrl_hs|  matrixmul_32_opt_Pipeline_loop263|  return value|
|grp_fu_23520_p_dout0   |   in|   32|  ap_ctrl_hs|  matrixmul_32_opt_Pipeline_loop263|  return value|
|grp_fu_23520_p_ce      |  out|    1|  ap_ctrl_hs|  matrixmul_32_opt_Pipeline_loop263|  return value|
|grp_fu_23524_p_din0    |  out|   32|  ap_ctrl_hs|  matrixmul_32_opt_Pipeline_loop263|  return value|
|grp_fu_23524_p_din1    |  out|   32|  ap_ctrl_hs|  matrixmul_32_opt_Pipeline_loop263|  return value|
|grp_fu_23524_p_dout0   |   in|   32|  ap_ctrl_hs|  matrixmul_32_opt_Pipeline_loop263|  return value|
|grp_fu_23524_p_ce      |  out|    1|  ap_ctrl_hs|  matrixmul_32_opt_Pipeline_loop263|  return value|
|grp_fu_23528_p_din0    |  out|   32|  ap_ctrl_hs|  matrixmul_32_opt_Pipeline_loop263|  return value|
|grp_fu_23528_p_din1    |  out|   32|  ap_ctrl_hs|  matrixmul_32_opt_Pipeline_loop263|  return value|
|grp_fu_23528_p_dout0   |   in|   32|  ap_ctrl_hs|  matrixmul_32_opt_Pipeline_loop263|  return value|
|grp_fu_23528_p_ce      |  out|    1|  ap_ctrl_hs|  matrixmul_32_opt_Pipeline_loop263|  return value|
|grp_fu_23532_p_din0    |  out|   32|  ap_ctrl_hs|  matrixmul_32_opt_Pipeline_loop263|  return value|
|grp_fu_23532_p_din1    |  out|   32|  ap_ctrl_hs|  matrixmul_32_opt_Pipeline_loop263|  return value|
|grp_fu_23532_p_dout0   |   in|   32|  ap_ctrl_hs|  matrixmul_32_opt_Pipeline_loop263|  return value|
|grp_fu_23532_p_ce      |  out|    1|  ap_ctrl_hs|  matrixmul_32_opt_Pipeline_loop263|  return value|
|output_C_1_address0    |  out|    5|   ap_memory|                         output_C_1|         array|
|output_C_1_ce0         |  out|    1|   ap_memory|                         output_C_1|         array|
|output_C_1_we0         |  out|    1|   ap_memory|                         output_C_1|         array|
|output_C_1_d0          |  out|   32|   ap_memory|                         output_C_1|         array|
|input_B_address0       |  out|    5|   ap_memory|                            input_B|         array|
|input_B_ce0            |  out|    1|   ap_memory|                            input_B|         array|
|input_B_q0             |   in|   32|   ap_memory|                            input_B|         array|
|input_A_65_reload      |   in|   32|     ap_none|                  input_A_65_reload|        scalar|
|input_B_1_address0     |  out|    5|   ap_memory|                          input_B_1|         array|
|input_B_1_ce0          |  out|    1|   ap_memory|                          input_B_1|         array|
|input_B_1_q0           |   in|   32|   ap_memory|                          input_B_1|         array|
|input_A_66_reload      |   in|   32|     ap_none|                  input_A_66_reload|        scalar|
|input_B_2_address0     |  out|    5|   ap_memory|                          input_B_2|         array|
|input_B_2_ce0          |  out|    1|   ap_memory|                          input_B_2|         array|
|input_B_2_q0           |   in|   32|   ap_memory|                          input_B_2|         array|
|input_A_67_reload      |   in|   32|     ap_none|                  input_A_67_reload|        scalar|
|input_B_3_address0     |  out|    5|   ap_memory|                          input_B_3|         array|
|input_B_3_ce0          |  out|    1|   ap_memory|                          input_B_3|         array|
|input_B_3_q0           |   in|   32|   ap_memory|                          input_B_3|         array|
|input_A_68_reload      |   in|   32|     ap_none|                  input_A_68_reload|        scalar|
|input_B_4_address0     |  out|    5|   ap_memory|                          input_B_4|         array|
|input_B_4_ce0          |  out|    1|   ap_memory|                          input_B_4|         array|
|input_B_4_q0           |   in|   32|   ap_memory|                          input_B_4|         array|
|input_A_69_reload      |   in|   32|     ap_none|                  input_A_69_reload|        scalar|
|input_B_5_address0     |  out|    5|   ap_memory|                          input_B_5|         array|
|input_B_5_ce0          |  out|    1|   ap_memory|                          input_B_5|         array|
|input_B_5_q0           |   in|   32|   ap_memory|                          input_B_5|         array|
|input_A_70_reload      |   in|   32|     ap_none|                  input_A_70_reload|        scalar|
|input_B_6_address0     |  out|    5|   ap_memory|                          input_B_6|         array|
|input_B_6_ce0          |  out|    1|   ap_memory|                          input_B_6|         array|
|input_B_6_q0           |   in|   32|   ap_memory|                          input_B_6|         array|
|input_A_71_reload      |   in|   32|     ap_none|                  input_A_71_reload|        scalar|
|input_B_7_address0     |  out|    5|   ap_memory|                          input_B_7|         array|
|input_B_7_ce0          |  out|    1|   ap_memory|                          input_B_7|         array|
|input_B_7_q0           |   in|   32|   ap_memory|                          input_B_7|         array|
|input_A_72_reload      |   in|   32|     ap_none|                  input_A_72_reload|        scalar|
|input_B_8_address0     |  out|    5|   ap_memory|                          input_B_8|         array|
|input_B_8_ce0          |  out|    1|   ap_memory|                          input_B_8|         array|
|input_B_8_q0           |   in|   32|   ap_memory|                          input_B_8|         array|
|input_A_73_reload      |   in|   32|     ap_none|                  input_A_73_reload|        scalar|
|input_B_9_address0     |  out|    5|   ap_memory|                          input_B_9|         array|
|input_B_9_ce0          |  out|    1|   ap_memory|                          input_B_9|         array|
|input_B_9_q0           |   in|   32|   ap_memory|                          input_B_9|         array|
|input_A_74_reload      |   in|   32|     ap_none|                  input_A_74_reload|        scalar|
|input_B_10_address0    |  out|    5|   ap_memory|                         input_B_10|         array|
|input_B_10_ce0         |  out|    1|   ap_memory|                         input_B_10|         array|
|input_B_10_q0          |   in|   32|   ap_memory|                         input_B_10|         array|
|input_A_75_reload      |   in|   32|     ap_none|                  input_A_75_reload|        scalar|
|input_B_11_address0    |  out|    5|   ap_memory|                         input_B_11|         array|
|input_B_11_ce0         |  out|    1|   ap_memory|                         input_B_11|         array|
|input_B_11_q0          |   in|   32|   ap_memory|                         input_B_11|         array|
|input_A_76_reload      |   in|   32|     ap_none|                  input_A_76_reload|        scalar|
|input_B_12_address0    |  out|    5|   ap_memory|                         input_B_12|         array|
|input_B_12_ce0         |  out|    1|   ap_memory|                         input_B_12|         array|
|input_B_12_q0          |   in|   32|   ap_memory|                         input_B_12|         array|
|input_A_77_reload      |   in|   32|     ap_none|                  input_A_77_reload|        scalar|
|input_B_13_address0    |  out|    5|   ap_memory|                         input_B_13|         array|
|input_B_13_ce0         |  out|    1|   ap_memory|                         input_B_13|         array|
|input_B_13_q0          |   in|   32|   ap_memory|                         input_B_13|         array|
|input_A_78_reload      |   in|   32|     ap_none|                  input_A_78_reload|        scalar|
|input_B_14_address0    |  out|    5|   ap_memory|                         input_B_14|         array|
|input_B_14_ce0         |  out|    1|   ap_memory|                         input_B_14|         array|
|input_B_14_q0          |   in|   32|   ap_memory|                         input_B_14|         array|
|input_A_79_reload      |   in|   32|     ap_none|                  input_A_79_reload|        scalar|
|input_B_15_address0    |  out|    5|   ap_memory|                         input_B_15|         array|
|input_B_15_ce0         |  out|    1|   ap_memory|                         input_B_15|         array|
|input_B_15_q0          |   in|   32|   ap_memory|                         input_B_15|         array|
|input_A_80_reload      |   in|   32|     ap_none|                  input_A_80_reload|        scalar|
|input_B_16_address0    |  out|    5|   ap_memory|                         input_B_16|         array|
|input_B_16_ce0         |  out|    1|   ap_memory|                         input_B_16|         array|
|input_B_16_q0          |   in|   32|   ap_memory|                         input_B_16|         array|
|input_A_81_reload      |   in|   32|     ap_none|                  input_A_81_reload|        scalar|
|input_B_17_address0    |  out|    5|   ap_memory|                         input_B_17|         array|
|input_B_17_ce0         |  out|    1|   ap_memory|                         input_B_17|         array|
|input_B_17_q0          |   in|   32|   ap_memory|                         input_B_17|         array|
|input_A_82_reload      |   in|   32|     ap_none|                  input_A_82_reload|        scalar|
|input_B_18_address0    |  out|    5|   ap_memory|                         input_B_18|         array|
|input_B_18_ce0         |  out|    1|   ap_memory|                         input_B_18|         array|
|input_B_18_q0          |   in|   32|   ap_memory|                         input_B_18|         array|
|input_A_83_reload      |   in|   32|     ap_none|                  input_A_83_reload|        scalar|
|input_B_19_address0    |  out|    5|   ap_memory|                         input_B_19|         array|
|input_B_19_ce0         |  out|    1|   ap_memory|                         input_B_19|         array|
|input_B_19_q0          |   in|   32|   ap_memory|                         input_B_19|         array|
|input_A_84_reload      |   in|   32|     ap_none|                  input_A_84_reload|        scalar|
|input_B_20_address0    |  out|    5|   ap_memory|                         input_B_20|         array|
|input_B_20_ce0         |  out|    1|   ap_memory|                         input_B_20|         array|
|input_B_20_q0          |   in|   32|   ap_memory|                         input_B_20|         array|
|input_A_85_reload      |   in|   32|     ap_none|                  input_A_85_reload|        scalar|
|input_B_21_address0    |  out|    5|   ap_memory|                         input_B_21|         array|
|input_B_21_ce0         |  out|    1|   ap_memory|                         input_B_21|         array|
|input_B_21_q0          |   in|   32|   ap_memory|                         input_B_21|         array|
|input_A_86_reload      |   in|   32|     ap_none|                  input_A_86_reload|        scalar|
|input_B_22_address0    |  out|    5|   ap_memory|                         input_B_22|         array|
|input_B_22_ce0         |  out|    1|   ap_memory|                         input_B_22|         array|
|input_B_22_q0          |   in|   32|   ap_memory|                         input_B_22|         array|
|input_A_87_reload      |   in|   32|     ap_none|                  input_A_87_reload|        scalar|
|input_B_23_address0    |  out|    5|   ap_memory|                         input_B_23|         array|
|input_B_23_ce0         |  out|    1|   ap_memory|                         input_B_23|         array|
|input_B_23_q0          |   in|   32|   ap_memory|                         input_B_23|         array|
|input_A_88_reload      |   in|   32|     ap_none|                  input_A_88_reload|        scalar|
|input_B_24_address0    |  out|    5|   ap_memory|                         input_B_24|         array|
|input_B_24_ce0         |  out|    1|   ap_memory|                         input_B_24|         array|
|input_B_24_q0          |   in|   32|   ap_memory|                         input_B_24|         array|
|input_A_89_reload      |   in|   32|     ap_none|                  input_A_89_reload|        scalar|
|input_B_25_address0    |  out|    5|   ap_memory|                         input_B_25|         array|
|input_B_25_ce0         |  out|    1|   ap_memory|                         input_B_25|         array|
|input_B_25_q0          |   in|   32|   ap_memory|                         input_B_25|         array|
|input_A_90_reload      |   in|   32|     ap_none|                  input_A_90_reload|        scalar|
|input_B_26_address0    |  out|    5|   ap_memory|                         input_B_26|         array|
|input_B_26_ce0         |  out|    1|   ap_memory|                         input_B_26|         array|
|input_B_26_q0          |   in|   32|   ap_memory|                         input_B_26|         array|
|input_A_91_reload      |   in|   32|     ap_none|                  input_A_91_reload|        scalar|
|input_B_27_address0    |  out|    5|   ap_memory|                         input_B_27|         array|
|input_B_27_ce0         |  out|    1|   ap_memory|                         input_B_27|         array|
|input_B_27_q0          |   in|   32|   ap_memory|                         input_B_27|         array|
|input_A_92_reload      |   in|   32|     ap_none|                  input_A_92_reload|        scalar|
|input_B_28_address0    |  out|    5|   ap_memory|                         input_B_28|         array|
|input_B_28_ce0         |  out|    1|   ap_memory|                         input_B_28|         array|
|input_B_28_q0          |   in|   32|   ap_memory|                         input_B_28|         array|
|input_A_93_reload      |   in|   32|     ap_none|                  input_A_93_reload|        scalar|
|input_B_29_address0    |  out|    5|   ap_memory|                         input_B_29|         array|
|input_B_29_ce0         |  out|    1|   ap_memory|                         input_B_29|         array|
|input_B_29_q0          |   in|   32|   ap_memory|                         input_B_29|         array|
|input_A_94_reload      |   in|   32|     ap_none|                  input_A_94_reload|        scalar|
|input_B_30_address0    |  out|    5|   ap_memory|                         input_B_30|         array|
|input_B_30_ce0         |  out|    1|   ap_memory|                         input_B_30|         array|
|input_B_30_q0          |   in|   32|   ap_memory|                         input_B_30|         array|
|input_A_95_reload      |   in|   32|     ap_none|                  input_A_95_reload|        scalar|
|input_B_31_address0    |  out|    5|   ap_memory|                         input_B_31|         array|
|input_B_31_ce0         |  out|    1|   ap_memory|                         input_B_31|         array|
|input_B_31_q0          |   in|   32|   ap_memory|                         input_B_31|         array|
|input_A_96_reload      |   in|   32|     ap_none|                  input_A_96_reload|        scalar|
+-----------------------+-----+-----+------------+-----------------------------------+--------------+

