

================================================================
== Vivado HLS Report for 'AutoCorrelation'
================================================================
* Date:           Fri May 30 11:15:39 2025

* Version:        2019.1 (Build 2552052 on Fri May 24 15:28:33 MDT 2019)
* Project:        music
* Solution:       solution1
* Product family: zynquplus
* Target device:  xczu28dr-ffvg1517-2-e


================================================================
== Performance Estimates
================================================================
+ Timing (ns): 
    * Summary: 
    +--------+-------+----------+------------+
    |  Clock | Target| Estimated| Uncertainty|
    +--------+-------+----------+------------+
    |ap_clk  |  10.00|     8.658|        1.25|
    +--------+-------+----------+------------+

+ Latency (clock cycles): 
    * Summary: 
    +----------+----------+----------+----------+---------+
    |       Latency       |       Interval      | Pipeline|
    |    min   |    max   |    min   |    max   |   Type  |
    +----------+----------+----------+----------+---------+
    |  16390805|  16390805|  16390805|  16390805|   none  |
    +----------+----------+----------+----------+---------+

    + Detail: 
        * Instance: 
        N/A

        * Loop: 
        +-----------------+----------+----------+----------+-----------+-----------+------+----------+
        |                 |       Latency       | Iteration|  Initiation Interval  | Trip |          |
        |    Loop Name    |    min   |    max   |  Latency |  achieved |   target  | Count| Pipelined|
        +-----------------+----------+----------+----------+-----------+-----------+------+----------+
        |- Loop 1         |     10200|     10200|       102|          -|          -|   100|    no    |
        | + Loop 1.1      |       100|       100|         1|          -|          -|   100|    no    |
        |- Loop 2         |  16180402|  16180402|    160202|          -|          -|   101|    no    |
        | + Loop 2.1      |    160200|    160200|      1602|          -|          -|   100|    no    |
        |  ++ Loop 2.1.1  |      1600|      1600|        16|          -|          -|   100|    no    |
        |- Loop 3         |    200200|    200200|      2002|          -|          -|   100|    no    |
        | + Loop 3.1      |      2000|      2000|        20|          -|          -|   100|    no    |
        +-----------------+----------+----------+----------+-----------+-----------+------+----------+



================================================================
== Utilization Estimates
================================================================
* Summary: 
+-----------------+---------+-------+--------+--------+-----+
|       Name      | BRAM_18K| DSP48E|   FF   |   LUT  | URAM|
+-----------------+---------+-------+--------+--------+-----+
|DSP              |        -|      -|       -|       -|    -|
|Expression       |        -|      -|       0|     405|    -|
|FIFO             |        -|      -|       -|       -|    -|
|Instance         |        -|     50|    5506|    8882|    -|
|Memory           |        -|      -|       -|       -|    -|
|Multiplexer      |        -|      -|       -|     471|    -|
|Register         |        -|      -|     951|       -|    -|
+-----------------+---------+-------+--------+--------+-----+
|Total            |        0|     50|    6457|    9758|    0|
+-----------------+---------+-------+--------+--------+-----+
|Available        |     2160|   4272|  850560|  425280|   80|
+-----------------+---------+-------+--------+--------+-----+
|Utilization (%)  |        0|      1|   ~0   |       2|    0|
+-----------------+---------+-------+--------+--------+-----+

+ Detail: 
    * Instance: 
    +--------------------------+----------------------+---------+-------+------+------+-----+
    |         Instance         |        Module        | BRAM_18K| DSP48E|  FF  |  LUT | URAM|
    +--------------------------+----------------------+---------+-------+------+------+-----+
    |MUSIC_top_dadd_64cud_U6   |MUSIC_top_dadd_64cud  |        0|      3|   445|   782|    0|
    |MUSIC_top_dadddsubkb_U5   |MUSIC_top_dadddsubkb  |        0|      3|   445|   782|    0|
    |MUSIC_top_ddiv_64eOg_U11  |MUSIC_top_ddiv_64eOg  |        0|      0|  1710|  3253|    0|
    |MUSIC_top_ddiv_64eOg_U12  |MUSIC_top_ddiv_64eOg  |        0|      0|  1710|  3253|    0|
    |MUSIC_top_dmul_64dEe_U7   |MUSIC_top_dmul_64dEe  |        0|     11|   299|   203|    0|
    |MUSIC_top_dmul_64dEe_U8   |MUSIC_top_dmul_64dEe  |        0|     11|   299|   203|    0|
    |MUSIC_top_dmul_64dEe_U9   |MUSIC_top_dmul_64dEe  |        0|     11|   299|   203|    0|
    |MUSIC_top_dmul_64dEe_U10  |MUSIC_top_dmul_64dEe  |        0|     11|   299|   203|    0|
    +--------------------------+----------------------+---------+-------+------+------+-----+
    |Total                     |                      |        0|     50|  5506|  8882|    0|
    +--------------------------+----------------------+---------+-------+------+------+-----+

    * DSP48E: 
    N/A

    * Memory: 
    N/A

    * FIFO: 
    N/A

    * Expression: 
    +----------------------+----------+-------+---+----+------------+------------+
    |     Variable Name    | Operation| DSP48E| FF| LUT| Bitwidth P0| Bitwidth P1|
    +----------------------+----------+-------+---+----+------------+------------+
    |add_ln22_fu_311_p2    |     +    |      0|  0|  21|          14|           7|
    |add_ln24_fu_345_p2    |     +    |      0|  0|  21|          14|          14|
    |add_ln30_fu_373_p2    |     +    |      0|  0|  21|          14|           7|
    |add_ln32_1_fu_422_p2  |     +    |      0|  0|  15|           8|           8|
    |add_ln32_fu_395_p2    |     +    |      0|  0|  15|           8|           8|
    |add_ln33_fu_437_p2    |     +    |      0|  0|  21|          14|          14|
    |add_ln39_fu_464_p2    |     +    |      0|  0|  21|          14|           7|
    |add_ln41_fu_498_p2    |     +    |      0|  0|  21|          14|          14|
    |i_fu_367_p2           |     +    |      0|  0|  15|           7|           1|
    |k_1_fu_389_p2         |     +    |      0|  0|  15|           7|           1|
    |k_fu_323_p2           |     +    |      0|  0|  15|           7|           1|
    |l_1_fu_416_p2         |     +    |      0|  0|  15|           7|           1|
    |l_fu_335_p2           |     +    |      0|  0|  15|           7|           1|
    |m_fu_476_p2           |     +    |      0|  0|  15|           7|           1|
    |n_fu_488_p2           |     +    |      0|  0|  15|           7|           1|
    |icmp_ln22_fu_317_p2   |   icmp   |      0|  0|  11|           7|           6|
    |icmp_ln23_fu_329_p2   |   icmp   |      0|  0|  11|           7|           6|
    |icmp_ln29_fu_361_p2   |   icmp   |      0|  0|  11|           7|           6|
    |icmp_ln30_fu_383_p2   |   icmp   |      0|  0|  11|           7|           6|
    |icmp_ln31_fu_410_p2   |   icmp   |      0|  0|  11|           7|           6|
    |icmp_ln39_fu_470_p2   |   icmp   |      0|  0|  11|           7|           6|
    |icmp_ln40_fu_482_p2   |   icmp   |      0|  0|  11|           7|           6|
    |ap_block_state1       |    or    |      0|  0|   2|           1|           1|
    |xor_ln329_fu_447_p2   |    xor   |      0|  0|  65|          64|          65|
    +----------------------+----------+-------+---+----+------------+------------+
    |Total                 |          |      0|  0| 405|         263|         194|
    +----------------------+----------+-------+---+----+------------+------------+

    * Multiplexer: 
    +---------------------+-----+-----------+-----+-----------+
    |         Name        | LUT | Input Size| Bits| Total Bits|
    +---------------------+-----+-----------+-----+-----------+
    |ap_NS_fsm            |  189|         43|    1|         43|
    |ap_done              |    9|          2|    1|          2|
    |grp_fu_255_opcode    |   15|          3|    2|          6|
    |grp_fu_255_p0        |   15|          3|   64|        192|
    |grp_fu_255_p1        |   15|          3|   64|        192|
    |grp_fu_259_p0        |   15|          3|   64|        192|
    |grp_fu_259_p1        |   15|          3|   64|        192|
    |i_0_reg_176          |    9|          2|    7|         14|
    |k1_0_reg_187         |    9|          2|    7|         14|
    |k_0_reg_142          |    9|          2|    7|         14|
    |l2_0_reg_210         |    9|          2|    7|         14|
    |l_0_reg_165          |    9|          2|    7|         14|
    |m_0_reg_221          |    9|          2|    7|         14|
    |matrix1_im_address0  |   33|          6|   14|         84|
    |matrix1_im_d0        |   21|          4|   64|        256|
    |matrix1_re_address0  |   33|          6|   14|         84|
    |matrix1_re_d0        |   21|          4|   64|        256|
    |n_0_reg_244          |    9|          2|    7|         14|
    |phi_mul113_reg_198   |    9|          2|   14|         28|
    |phi_mul115_reg_232   |    9|          2|   14|         28|
    |phi_mul_reg_153      |    9|          2|   14|         28|
    +---------------------+-----+-----------+-----+-----------+
    |Total                |  471|        100|  507|       1681|
    +---------------------+-----+-----------+-----+-----------+

    * Register: 
    +------------------------------+----+----+-----+-----------+
    |             Name             | FF | LUT| Bits| Const Bits|
    +------------------------------+----+----+-----+-----------+
    |add_ln22_reg_510              |  14|   0|   14|          0|
    |add_ln30_reg_545              |  14|   0|   14|          0|
    |add_ln33_reg_586              |  14|   0|   14|          0|
    |add_ln39_reg_655              |  14|   0|   14|          0|
    |ap_CS_fsm                     |  42|   0|   42|          0|
    |ap_done_reg                   |   1|   0|    1|          0|
    |i_0_reg_176                   |   7|   0|    7|          0|
    |i_reg_540                     |   7|   0|    7|          0|
    |k1_0_reg_187                  |   7|   0|    7|          0|
    |k_0_reg_142                   |   7|   0|    7|          0|
    |k_1_reg_553                   |   7|   0|    7|          0|
    |k_reg_518                     |   7|   0|    7|          0|
    |l2_0_reg_210                  |   7|   0|    7|          0|
    |l_0_reg_165                   |   7|   0|    7|          0|
    |l_1_reg_571                   |   7|   0|    7|          0|
    |m1_reg_615                    |  64|   0|   64|          0|
    |m2_reg_620                    |  64|   0|   64|          0|
    |m3_reg_625                    |  64|   0|   64|          0|
    |m4_reg_630                    |  64|   0|   64|          0|
    |m_0_reg_221                   |   7|   0|    7|          0|
    |m_reg_663                     |   7|   0|    7|          0|
    |matrix1_im_addr_1_reg_681     |  14|   0|   14|          0|
    |matrix1_im_addr_2_reg_650     |  14|   0|   14|          0|
    |matrix1_re_addr_1_reg_676     |  14|   0|   14|          0|
    |matrix1_re_addr_2_reg_645     |  14|   0|   14|          0|
    |n_0_reg_244                   |   7|   0|    7|          0|
    |n_reg_671                     |   7|   0|    7|          0|
    |phi_mul113_reg_198            |  14|   0|   14|          0|
    |phi_mul115_reg_232            |  14|   0|   14|          0|
    |phi_mul_reg_153               |  14|   0|   14|          0|
    |rec_sig_im_addr_reg_563       |   8|   0|    8|          0|
    |rec_sig_re_addr_reg_558       |   8|   0|    8|          0|
    |reg_299                       |  64|   0|   64|          0|
    |reg_305                       |  64|   0|   64|          0|
    |sum_im_reg_640                |  64|   0|   64|          0|
    |sum_re_reg_635                |  64|   0|   64|          0|
    |x_complex_im_write_a_reg_691  |  64|   0|   64|          0|
    |x_complex_re_write_a_reg_686  |  64|   0|   64|          0|
    |zext_ln29_reg_531             |   7|   0|    8|          1|
    +------------------------------+----+----+-----+-----------+
    |Total                         | 951|   0|  952|          1|
    +------------------------------+----+----+-----+-----------+



================================================================
== Interface
================================================================
* Summary: 
+---------------------+-----+-----+------------+-----------------+--------------+
|      RTL Ports      | Dir | Bits|  Protocol  |  Source Object  |    C Type    |
+---------------------+-----+-----+------------+-----------------+--------------+
|ap_clk               |  in |    1| ap_ctrl_hs | AutoCorrelation | return value |
|ap_rst               |  in |    1| ap_ctrl_hs | AutoCorrelation | return value |
|ap_start             |  in |    1| ap_ctrl_hs | AutoCorrelation | return value |
|ap_done              | out |    1| ap_ctrl_hs | AutoCorrelation | return value |
|ap_continue          |  in |    1| ap_ctrl_hs | AutoCorrelation | return value |
|ap_idle              | out |    1| ap_ctrl_hs | AutoCorrelation | return value |
|ap_ready             | out |    1| ap_ctrl_hs | AutoCorrelation | return value |
|rec_sig_re_address0  | out |    8|  ap_memory |    rec_sig_re   |     array    |
|rec_sig_re_ce0       | out |    1|  ap_memory |    rec_sig_re   |     array    |
|rec_sig_re_q0        |  in |   64|  ap_memory |    rec_sig_re   |     array    |
|rec_sig_re_address1  | out |    8|  ap_memory |    rec_sig_re   |     array    |
|rec_sig_re_ce1       | out |    1|  ap_memory |    rec_sig_re   |     array    |
|rec_sig_re_q1        |  in |   64|  ap_memory |    rec_sig_re   |     array    |
|rec_sig_im_address0  | out |    8|  ap_memory |    rec_sig_im   |     array    |
|rec_sig_im_ce0       | out |    1|  ap_memory |    rec_sig_im   |     array    |
|rec_sig_im_q0        |  in |   64|  ap_memory |    rec_sig_im   |     array    |
|rec_sig_im_address1  | out |    8|  ap_memory |    rec_sig_im   |     array    |
|rec_sig_im_ce1       | out |    1|  ap_memory |    rec_sig_im   |     array    |
|rec_sig_im_q1        |  in |   64|  ap_memory |    rec_sig_im   |     array    |
|matrix1_re_address0  | out |   14|  ap_memory |    matrix1_re   |     array    |
|matrix1_re_ce0       | out |    1|  ap_memory |    matrix1_re   |     array    |
|matrix1_re_we0       | out |    1|  ap_memory |    matrix1_re   |     array    |
|matrix1_re_d0        | out |   64|  ap_memory |    matrix1_re   |     array    |
|matrix1_re_q0        |  in |   64|  ap_memory |    matrix1_re   |     array    |
|matrix1_im_address0  | out |   14|  ap_memory |    matrix1_im   |     array    |
|matrix1_im_ce0       | out |    1|  ap_memory |    matrix1_im   |     array    |
|matrix1_im_we0       | out |    1|  ap_memory |    matrix1_im   |     array    |
|matrix1_im_d0        | out |   64|  ap_memory |    matrix1_im   |     array    |
|matrix1_im_q0        |  in |   64|  ap_memory |    matrix1_im   |     array    |
+---------------------+-----+-----+------------+-----------------+--------------+

