

================================================================
== Vivado HLS Report for 'operator_mul'
================================================================
* Date:           Fri May 30 11:14:53 2025

* Version:        2019.1 (Build 2552052 on Fri May 24 15:28:33 MDT 2019)
* Project:        music
* Solution:       solution1
* Product family: zynquplus
* Target device:  xczu28dr-ffvg1517-2-e


================================================================
== Performance Estimates
================================================================
+ Timing (ns): 
    * Summary: 
    +--------+-------+----------+------------+
    |  Clock | Target| Estimated| Uncertainty|
    +--------+-------+----------+------------+
    |ap_clk  |  10.00|     8.419|        1.25|
    +--------+-------+----------+------------+

+ Latency (clock cycles): 
    * Summary: 
    +-----+-----+-----+-----+----------+
    |  Latency  |  Interval | Pipeline |
    | min | max | min | max |   Type   |
    +-----+-----+-----+-----+----------+
    |    5|    5|    1|    1| function |
    +-----+-----+-----+-----+----------+

    + Detail: 
        * Instance: 
        N/A

        * Loop: 
        N/A

============================================================
+ Verbose Summary: Synthesis Manager
============================================================
InlineROM: 1
ExposeGlobal: 0
============================================================
+ Verbose Summary: CDFG Model
============================================================
IsTopModel: 0
ResetActiveHigh: 1
IsCombinational: 0
IsDatapathOnly: 0
HasWiredReturn: 1
HasMFsm: 2
HasVarLatency: 0
IsPipeline: 1
IsRtlPipelined: 1
IsInstanceOverlapped: 0
IsDontTouch: 0
HasImplIP: 0
IsGatedGlobalClock: 0

+ Individual pipeline summary: 
  * Pipeline-0: initiation interval (II) = 1, depth = 6


============================================================
+ Verbose Summary: Schedule
============================================================
* Number of FSM states : 6
* Pipeline : 1
  Pipeline-0 : II = 1, D = 6, States = { 1 2 3 4 5 6 }
* Dataflow Pipeline: 0

* FSM state transitions: 
1 --> 2 
2 --> 3 
3 --> 4 
4 --> 5 
5 --> 6 
6 --> 

* FSM state operations: 

State 1 <SV = 0> <Delay = 8.41>
ST_1 : Operation 7 [1/1] (0.00ns)   --->   "%rhs_im_read_2 = call float @_ssdm_op_Read.ap_auto.float(float %rhs_im_read)" [C:/Xilinx2/Vivado/2019.1/common/technology/autopilot\hls/linear_algebra/utils/x_hls_complex.h:113]   --->   Operation 7 'read' 'rhs_im_read_2' <Predicate = true> <Delay = 0.00>
ST_1 : Operation 8 [1/1] (0.00ns)   --->   "%rhs_re_read_2 = call float @_ssdm_op_Read.ap_auto.float(float %rhs_re_read)" [C:/Xilinx2/Vivado/2019.1/common/technology/autopilot\hls/linear_algebra/utils/x_hls_complex.h:113]   --->   Operation 8 'read' 'rhs_re_read_2' <Predicate = true> <Delay = 0.00>
ST_1 : Operation 9 [1/1] (0.00ns)   --->   "%x_complex_im_read = call float @_ssdm_op_Read.ap_auto.float(float %x_complex_float_im_read)" [C:/Xilinx2/Vivado/2019.1/common/technology/autopilot\hls/linear_algebra/utils/x_hls_complex.h:113]   --->   Operation 9 'read' 'x_complex_im_read' <Predicate = true> <Delay = 0.00>
ST_1 : Operation 10 [1/1] (0.00ns)   --->   "%x_complex_re_read = call float @_ssdm_op_Read.ap_auto.float(float %x_complex_float_re_read)" [C:/Xilinx2/Vivado/2019.1/common/technology/autopilot\hls/linear_algebra/utils/x_hls_complex.h:113]   --->   Operation 10 'read' 'x_complex_re_read' <Predicate = true> <Delay = 0.00>
ST_1 : Operation 11 [2/2] (8.41ns)   --->   "%m1 = fmul float %rhs_re_read_2, %x_complex_re_read" [C:/Xilinx2/Vivado/2019.1/common/technology/autopilot\hls/linear_algebra/utils/x_hls_complex.h:118]   --->   Operation 11 'fmul' 'm1' <Predicate = true> <Delay = 8.41> <Core = "FMul">   --->   Core 106 'FMul' <Latency = 1> <II = 1> <Delay = 8.41> <FuncUnit> <Opcode : 'fmul'> <InPorts = 2> <OutPorts = 1>
ST_1 : Operation 12 [2/2] (8.41ns)   --->   "%m2 = fmul float %rhs_im_read_2, %x_complex_im_read" [C:/Xilinx2/Vivado/2019.1/common/technology/autopilot\hls/linear_algebra/utils/x_hls_complex.h:119]   --->   Operation 12 'fmul' 'm2' <Predicate = true> <Delay = 8.41> <Core = "FMul">   --->   Core 106 'FMul' <Latency = 1> <II = 1> <Delay = 8.41> <FuncUnit> <Opcode : 'fmul'> <InPorts = 2> <OutPorts = 1>
ST_1 : Operation 13 [2/2] (8.41ns)   --->   "%m3 = fmul float %rhs_im_read_2, %x_complex_re_read" [C:/Xilinx2/Vivado/2019.1/common/technology/autopilot\hls/linear_algebra/utils/x_hls_complex.h:120]   --->   Operation 13 'fmul' 'm3' <Predicate = true> <Delay = 8.41> <Core = "FMul">   --->   Core 106 'FMul' <Latency = 1> <II = 1> <Delay = 8.41> <FuncUnit> <Opcode : 'fmul'> <InPorts = 2> <OutPorts = 1>
ST_1 : Operation 14 [2/2] (8.41ns)   --->   "%m4 = fmul float %rhs_re_read_2, %x_complex_im_read" [C:/Xilinx2/Vivado/2019.1/common/technology/autopilot\hls/linear_algebra/utils/x_hls_complex.h:121]   --->   Operation 14 'fmul' 'm4' <Predicate = true> <Delay = 8.41> <Core = "FMul">   --->   Core 106 'FMul' <Latency = 1> <II = 1> <Delay = 8.41> <FuncUnit> <Opcode : 'fmul'> <InPorts = 2> <OutPorts = 1>

State 2 <SV = 1> <Delay = 8.41>
ST_2 : Operation 15 [1/2] (8.41ns)   --->   "%m1 = fmul float %rhs_re_read_2, %x_complex_re_read" [C:/Xilinx2/Vivado/2019.1/common/technology/autopilot\hls/linear_algebra/utils/x_hls_complex.h:118]   --->   Operation 15 'fmul' 'm1' <Predicate = true> <Delay = 8.41> <Core = "FMul">   --->   Core 106 'FMul' <Latency = 1> <II = 1> <Delay = 8.41> <FuncUnit> <Opcode : 'fmul'> <InPorts = 2> <OutPorts = 1>
ST_2 : Operation 16 [1/2] (8.41ns)   --->   "%m2 = fmul float %rhs_im_read_2, %x_complex_im_read" [C:/Xilinx2/Vivado/2019.1/common/technology/autopilot\hls/linear_algebra/utils/x_hls_complex.h:119]   --->   Operation 16 'fmul' 'm2' <Predicate = true> <Delay = 8.41> <Core = "FMul">   --->   Core 106 'FMul' <Latency = 1> <II = 1> <Delay = 8.41> <FuncUnit> <Opcode : 'fmul'> <InPorts = 2> <OutPorts = 1>
ST_2 : Operation 17 [1/2] (8.41ns)   --->   "%m3 = fmul float %rhs_im_read_2, %x_complex_re_read" [C:/Xilinx2/Vivado/2019.1/common/technology/autopilot\hls/linear_algebra/utils/x_hls_complex.h:120]   --->   Operation 17 'fmul' 'm3' <Predicate = true> <Delay = 8.41> <Core = "FMul">   --->   Core 106 'FMul' <Latency = 1> <II = 1> <Delay = 8.41> <FuncUnit> <Opcode : 'fmul'> <InPorts = 2> <OutPorts = 1>
ST_2 : Operation 18 [1/2] (8.41ns)   --->   "%m4 = fmul float %rhs_re_read_2, %x_complex_im_read" [C:/Xilinx2/Vivado/2019.1/common/technology/autopilot\hls/linear_algebra/utils/x_hls_complex.h:121]   --->   Operation 18 'fmul' 'm4' <Predicate = true> <Delay = 8.41> <Core = "FMul">   --->   Core 106 'FMul' <Latency = 1> <II = 1> <Delay = 8.41> <FuncUnit> <Opcode : 'fmul'> <InPorts = 2> <OutPorts = 1>

State 3 <SV = 2> <Delay = 6.43>
ST_3 : Operation 19 [4/4] (6.43ns)   --->   "%sum_re = fsub float %m1, %m2" [C:/Xilinx2/Vivado/2019.1/common/technology/autopilot\hls/linear_algebra/utils/x_hls_complex.h:122]   --->   Operation 19 'fsub' 'sum_re' <Predicate = true> <Delay = 6.43> <Core = "FAddSub">   --->   Core 105 'FAddSub' <Latency = 3> <II = 1> <Delay = 6.43> <FuncUnit> <Opcode : 'fadd' 'fsub'> <InPorts = 2> <OutPorts = 1>
ST_3 : Operation 20 [4/4] (6.43ns)   --->   "%sum_im = fadd float %m3, %m4" [C:/Xilinx2/Vivado/2019.1/common/technology/autopilot\hls/linear_algebra/utils/x_hls_complex.h:123]   --->   Operation 20 'fadd' 'sum_im' <Predicate = true> <Delay = 6.43> <Core = "FAddSub">   --->   Core 105 'FAddSub' <Latency = 3> <II = 1> <Delay = 6.43> <FuncUnit> <Opcode : 'fadd' 'fsub'> <InPorts = 2> <OutPorts = 1>

State 4 <SV = 3> <Delay = 6.43>
ST_4 : Operation 21 [3/4] (6.43ns)   --->   "%sum_re = fsub float %m1, %m2" [C:/Xilinx2/Vivado/2019.1/common/technology/autopilot\hls/linear_algebra/utils/x_hls_complex.h:122]   --->   Operation 21 'fsub' 'sum_re' <Predicate = true> <Delay = 6.43> <Core = "FAddSub">   --->   Core 105 'FAddSub' <Latency = 3> <II = 1> <Delay = 6.43> <FuncUnit> <Opcode : 'fadd' 'fsub'> <InPorts = 2> <OutPorts = 1>
ST_4 : Operation 22 [3/4] (6.43ns)   --->   "%sum_im = fadd float %m3, %m4" [C:/Xilinx2/Vivado/2019.1/common/technology/autopilot\hls/linear_algebra/utils/x_hls_complex.h:123]   --->   Operation 22 'fadd' 'sum_im' <Predicate = true> <Delay = 6.43> <Core = "FAddSub">   --->   Core 105 'FAddSub' <Latency = 3> <II = 1> <Delay = 6.43> <FuncUnit> <Opcode : 'fadd' 'fsub'> <InPorts = 2> <OutPorts = 1>

State 5 <SV = 4> <Delay = 6.43>
ST_5 : Operation 23 [2/4] (6.43ns)   --->   "%sum_re = fsub float %m1, %m2" [C:/Xilinx2/Vivado/2019.1/common/technology/autopilot\hls/linear_algebra/utils/x_hls_complex.h:122]   --->   Operation 23 'fsub' 'sum_re' <Predicate = true> <Delay = 6.43> <Core = "FAddSub">   --->   Core 105 'FAddSub' <Latency = 3> <II = 1> <Delay = 6.43> <FuncUnit> <Opcode : 'fadd' 'fsub'> <InPorts = 2> <OutPorts = 1>
ST_5 : Operation 24 [2/4] (6.43ns)   --->   "%sum_im = fadd float %m3, %m4" [C:/Xilinx2/Vivado/2019.1/common/technology/autopilot\hls/linear_algebra/utils/x_hls_complex.h:123]   --->   Operation 24 'fadd' 'sum_im' <Predicate = true> <Delay = 6.43> <Core = "FAddSub">   --->   Core 105 'FAddSub' <Latency = 3> <II = 1> <Delay = 6.43> <FuncUnit> <Opcode : 'fadd' 'fsub'> <InPorts = 2> <OutPorts = 1>

State 6 <SV = 5> <Delay = 6.43>
ST_6 : Operation 25 [1/4] (6.43ns)   --->   "%sum_re = fsub float %m1, %m2" [C:/Xilinx2/Vivado/2019.1/common/technology/autopilot\hls/linear_algebra/utils/x_hls_complex.h:122]   --->   Operation 25 'fsub' 'sum_re' <Predicate = true> <Delay = 6.43> <Core = "FAddSub">   --->   Core 105 'FAddSub' <Latency = 3> <II = 1> <Delay = 6.43> <FuncUnit> <Opcode : 'fadd' 'fsub'> <InPorts = 2> <OutPorts = 1>
ST_6 : Operation 26 [1/4] (6.43ns)   --->   "%sum_im = fadd float %m3, %m4" [C:/Xilinx2/Vivado/2019.1/common/technology/autopilot\hls/linear_algebra/utils/x_hls_complex.h:123]   --->   Operation 26 'fadd' 'sum_im' <Predicate = true> <Delay = 6.43> <Core = "FAddSub">   --->   Core 105 'FAddSub' <Latency = 3> <II = 1> <Delay = 6.43> <FuncUnit> <Opcode : 'fadd' 'fsub'> <InPorts = 2> <OutPorts = 1>
ST_6 : Operation 27 [1/1] (0.00ns)   --->   "%mrv = insertvalue { float, float } undef, float %sum_re, 0" [C:/Xilinx2/Vivado/2019.1/common/technology/autopilot\hls/linear_algebra/utils/x_hls_complex.h:126]   --->   Operation 27 'insertvalue' 'mrv' <Predicate = true> <Delay = 0.00>
ST_6 : Operation 28 [1/1] (0.00ns)   --->   "%mrv_1 = insertvalue { float, float } %mrv, float %sum_im, 1" [C:/Xilinx2/Vivado/2019.1/common/technology/autopilot\hls/linear_algebra/utils/x_hls_complex.h:126]   --->   Operation 28 'insertvalue' 'mrv_1' <Predicate = true> <Delay = 0.00>
ST_6 : Operation 29 [1/1] (0.00ns)   --->   "ret { float, float } %mrv_1" [C:/Xilinx2/Vivado/2019.1/common/technology/autopilot\hls/linear_algebra/utils/x_hls_complex.h:126]   --->   Operation 29 'ret' <Predicate = true> <Delay = 0.00>


============================================================
+ Verbose Summary: Timing violations
============================================================
Target clock period: 10ns, clock uncertainty: 1.25ns.

 <State 1>: 8.42ns
The critical path consists of the following:
	wire read on port 'rhs_im_read' (C:/Xilinx2/Vivado/2019.1/common/technology/autopilot\hls/linear_algebra/utils/x_hls_complex.h:113) [5]  (0 ns)
	'fmul' operation ('m2', C:/Xilinx2/Vivado/2019.1/common/technology/autopilot\hls/linear_algebra/utils/x_hls_complex.h:119) [10]  (8.42 ns)

 <State 2>: 8.42ns
The critical path consists of the following:
	'fmul' operation ('m1', C:/Xilinx2/Vivado/2019.1/common/technology/autopilot\hls/linear_algebra/utils/x_hls_complex.h:118) [9]  (8.42 ns)

 <State 3>: 6.44ns
The critical path consists of the following:
	'fsub' operation ('sum_re', C:/Xilinx2/Vivado/2019.1/common/technology/autopilot\hls/linear_algebra/utils/x_hls_complex.h:122) [13]  (6.44 ns)

 <State 4>: 6.44ns
The critical path consists of the following:
	'fsub' operation ('sum_re', C:/Xilinx2/Vivado/2019.1/common/technology/autopilot\hls/linear_algebra/utils/x_hls_complex.h:122) [13]  (6.44 ns)

 <State 5>: 6.44ns
The critical path consists of the following:
	'fsub' operation ('sum_re', C:/Xilinx2/Vivado/2019.1/common/technology/autopilot\hls/linear_algebra/utils/x_hls_complex.h:122) [13]  (6.44 ns)

 <State 6>: 6.44ns
The critical path consists of the following:
	'fsub' operation ('sum_re', C:/Xilinx2/Vivado/2019.1/common/technology/autopilot\hls/linear_algebra/utils/x_hls_complex.h:122) [13]  (6.44 ns)


============================================================
+ Verbose Summary: Binding
============================================================
N/A
* FSMD analyzer results:
  - Output states:
 - Input state : 
  - Chain level:
	State 1
	State 2
	State 3
	State 4
	State 5
	State 6


============================================================
+ Verbose Summary: Datapath Resource usage 
============================================================
N/A
